127.0.0.1 - admin [06/Mar/2025:07:45:58 +0100] "PUT /manager/text/deploy?path=%2Fwebapp-session&update=true HTTP/1.1" 200 85
0:0:0:0:0:0:0:1 - - [06/Mar/2025:07:46:24 +0100] "GET /webapp-session/index.html HTTP/1.1" 304 -
0:0:0:0:0:0:0:1 - - [06/Mar/2025:07:46:24 +0100] "GET /favicon.ico HTTP/1.1" 304 -
0:0:0:0:0:0:0:1 - - [06/Mar/2025:07:46:29 +0100] "GET /webapp-session/productos HTTP/1.1" 200 848
0:0:0:0:0:0:0:1 - - [06/Mar/2025:07:46:54 +0100] "GET /webapp-session/login.html HTTP/1.1" 200 639
0:0:0:0:0:0:0:1 - - [06/Mar/2025:07:46:59 +0100] "POST /webapp-session/login HTTP/1.1" 302 -
0:0:0:0:0:0:0:1 - - [06/Mar/2025:07:46:59 +0100] "GET /webapp-session/login.html HTTP/1.1" 500 347
0:0:0:0:0:0:0:1 - - [06/Mar/2025:07:47:02 +0100] "GET /webapp-session/productos HTTP/1.1" 200 1310
127.0.0.1 - admin [06/Mar/2025:07:47:56 +0100] "PUT /manager/text/deploy?path=%2Fwebapp-session&update=true HTTP/1.1" 200 85
0:0:0:0:0:0:0:1 - - [06/Mar/2025:07:48:01 +0100] "GET /webapp-session/productos HTTP/1.1" 200 697
0:0:0:0:0:0:0:1 - - [06/Mar/2025:07:48:02 +0100] "GET /webapp-session/productos HTTP/1.1" 200 697
0:0:0:0:0:0:0:1 - - [06/Mar/2025:07:48:05 +0100] "GET /webapp-session/productos HTTP/1.1" 200 697
0:0:0:0:0:0:0:1 - - [06/Mar/2025:07:48:11 +0100] "GET /webapp-session/login.html HTTP/1.1" 200 639
0:0:0:0:0:0:0:1 - - [06/Mar/2025:07:48:16 +0100] "POST /webapp-session/login HTTP/1.1" 302 -
0:0:0:0:0:0:0:1 - - [06/Mar/2025:07:48:16 +0100] "GET /webapp-session/login.html HTTP/1.1" 500 347
0:0:0:0:0:0:0:1 - - [06/Mar/2025:07:48:17 +0100] "GET /webapp-session/productos HTTP/1.1" 200 1159
0:0:0:0:0:0:0:1 - - [06/Mar/2025:07:48:35 +0100] "GET /webapp-session/%3C%22/webapp-session/agregar-carro?id=1%22 HTTP/1.1" 404 749
127.0.0.1 - admin [06/Mar/2025:07:50:07 +0100] "PUT /manager/text/deploy?path=%2Fwebapp-session&update=true HTTP/1.1" 200 85
0:0:0:0:0:0:0:1 - - [06/Mar/2025:07:50:13 +0100] "GET /webapp-session/index.html HTTP/1.1" 304 -
0:0:0:0:0:0:0:1 - - [06/Mar/2025:07:50:14 +0100] "GET /webapp-session/productos HTTP/1.1" 200 697
0:0:0:0:0:0:0:1 - - [06/Mar/2025:07:50:16 +0100] "GET /webapp-session/login.html HTTP/1.1" 200 639
0:0:0:0:0:0:0:1 - - [06/Mar/2025:07:50:21 +0100] "POST /webapp-session/login HTTP/1.1" 302 -
0:0:0:0:0:0:0:1 - - [06/Mar/2025:07:50:21 +0100] "GET /webapp-session/login.html HTTP/1.1" 500 347
0:0:0:0:0:0:0:1 - - [06/Mar/2025:07:50:24 +0100] "GET /webapp-session/productos HTTP/1.1" 200 1159
0:0:0:0:0:0:0:1 - - [06/Mar/2025:07:50:26 +0100] "GET /webapp-session/%3C%22/webapp-session/agregar-carro?id=1%22 HTTP/1.1" 404 749
127.0.0.1 - admin [06/Mar/2025:07:50:45 +0100] "PUT /manager/text/deploy?path=%2Fwebapp-session&update=true HTTP/1.1" 200 85
0:0:0:0:0:0:0:1 - - [06/Mar/2025:07:50:49 +0100] "GET /webapp-session/productos HTTP/1.1" 200 697
0:0:0:0:0:0:0:1 - - [06/Mar/2025:07:50:51 +0100] "GET /webapp-session/index.html HTTP/1.1" 304 -
0:0:0:0:0:0:0:1 - - [06/Mar/2025:07:50:52 +0100] "GET /webapp-session/login.html HTTP/1.1" 200 639
0:0:0:0:0:0:0:1 - - [06/Mar/2025:07:50:56 +0100] "POST /webapp-session/login HTTP/1.1" 302 -
0:0:0:0:0:0:0:1 - - [06/Mar/2025:07:50:56 +0100] "GET /webapp-session/login.html HTTP/1.1" 500 347
0:0:0:0:0:0:0:1 - - [06/Mar/2025:07:50:59 +0100] "GET /webapp-session/productos HTTP/1.1" 200 1156
0:0:0:0:0:0:0:1 - - [06/Mar/2025:07:51:00 +0100] "GET /webapp-session/agregar-carro?id=1 HTTP/1.1" 302 -
0:0:0:0:0:0:0:1 - - [06/Mar/2025:07:51:00 +0100] "GET /webapp-session/ver-carro HTTP/1.1" 500 7627
127.0.0.1 - admin [06/Mar/2025:07:51:22 +0100] "PUT /manager/text/deploy?path=%2Fwebapp-session&update=true HTTP/1.1" 200 85
0:0:0:0:0:0:0:1 - - [06/Mar/2025:07:51:36 +0100] "GET /webapp-session/ver-carro HTTP/1.1" 500 8725
0:0:0:0:0:0:0:1 - - [06/Mar/2025:07:51:40 +0100] "GET /webapp-session/productos HTTP/1.1" 200 697
0:0:0:0:0:0:0:1 - - [06/Mar/2025:07:51:41 +0100] "GET /webapp-session/productos HTTP/1.1" 200 697
0:0:0:0:0:0:0:1 - - [06/Mar/2025:07:51:43 +0100] "GET /webapp-session/login.html HTTP/1.1" 200 639
0:0:0:0:0:0:0:1 - - [06/Mar/2025:07:51:47 +0100] "POST /webapp-session/login HTTP/1.1" 302 -
0:0:0:0:0:0:0:1 - - [06/Mar/2025:07:51:47 +0100] "GET /webapp-session/login.html HTTP/1.1" 500 347
0:0:0:0:0:0:0:1 - - [06/Mar/2025:07:51:49 +0100] "GET /webapp-session/productos HTTP/1.1" 200 1156
0:0:0:0:0:0:0:1 - - [06/Mar/2025:07:51:50 +0100] "GET /webapp-session/agregar-carro?id=1 HTTP/1.1" 302 -
0:0:0:0:0:0:0:1 - - [06/Mar/2025:07:51:50 +0100] "GET /webapp-session/ver-carro HTTP/1.1" 500 8725
127.0.0.1 - admin [06/Mar/2025:07:52:22 +0100] "PUT /manager/text/deploy?path=%2Fwebapp-session&update=true HTTP/1.1" 200 85
0:0:0:0:0:0:0:1 - - [06/Mar/2025:07:52:29 +0100] "GET /webapp-session/ver-carro HTTP/1.1" 500 8258
0:0:0:0:0:0:0:1 - - [06/Mar/2025:07:52:59 +0100] "GET /webapp-session/ver-carro HTTP/1.1" 500 8258
0:0:0:0:0:0:0:1 - - [06/Mar/2025:07:53:00 +0100] "GET /webapp-session/ver-carro HTTP/1.1" 500 7021
0:0:0:0:0:0:0:1 - - [06/Mar/2025:07:53:54 +0100] "GET /webapp-session/index.html HTTP/1.1" 304 -
0:0:0:0:0:0:0:1 - - [06/Mar/2025:07:53:55 +0100] "GET /webapp-session/login.html HTTP/1.1" 200 639
0:0:0:0:0:0:0:1 - - [06/Mar/2025:07:53:59 +0100] "POST /webapp-session/login HTTP/1.1" 302 -
0:0:0:0:0:0:0:1 - - [06/Mar/2025:07:53:59 +0100] "GET /webapp-session/login.html HTTP/1.1" 500 347
0:0:0:0:0:0:0:1 - - [06/Mar/2025:07:54:01 +0100] "GET /webapp-session/productos HTTP/1.1" 200 1156
0:0:0:0:0:0:0:1 - - [06/Mar/2025:07:54:03 +0100] "GET /webapp-session/agregar-carro?id=1 HTTP/1.1" 302 -
0:0:0:0:0:0:0:1 - - [06/Mar/2025:07:54:03 +0100] "GET /webapp-session/ver-carro HTTP/1.1" 500 8258
127.0.0.1 - admin [06/Mar/2025:07:54:17 +0100] "PUT /manager/text/deploy?path=%2Fwebapp-session&update=true HTTP/1.1" 200 85
0:0:0:0:0:0:0:1 - - [06/Mar/2025:07:54:20 +0100] "GET /webapp-session/ver-carro HTTP/1.1" 500 4274
127.0.0.1 - admin [06/Mar/2025:07:55:59 +0100] "PUT /manager/text/deploy?path=%2Fwebapp-session&update=true HTTP/1.1" 200 85
0:0:0:0:0:0:0:1 - - [06/Mar/2025:07:56:04 +0100] "GET /webapp-session/ver-carro HTTP/1.1" 200 370
0:0:0:0:0:0:0:1 - - [06/Mar/2025:07:56:09 +0100] "GET /webapp-session/login.html HTTP/1.1" 200 639
0:0:0:0:0:0:0:1 - - [06/Mar/2025:07:56:17 +0100] "POST /webapp-session/login HTTP/1.1" 302 -
0:0:0:0:0:0:0:1 - - [06/Mar/2025:07:56:17 +0100] "GET /webapp-session/login.html HTTP/1.1" 500 347
0:0:0:0:0:0:0:1 - - [06/Mar/2025:07:56:19 +0100] "GET /webapp-session/productos HTTP/1.1" 200 1156
0:0:0:0:0:0:0:1 - - [06/Mar/2025:07:56:20 +0100] "GET /webapp-session/agregar-carro?id=1 HTTP/1.1" 302 -
0:0:0:0:0:0:0:1 - - [06/Mar/2025:07:56:20 +0100] "GET /webapp-session/ver-carro HTTP/1.1" 200 706
0:0:0:0:0:0:0:1 - - [06/Mar/2025:07:56:25 +0100] "GET /webapp-session/productos HTTP/1.1" 200 1156
0:0:0:0:0:0:0:1 - - [06/Mar/2025:07:56:26 +0100] "GET /webapp-session/agregar-carro?id=1 HTTP/1.1" 302 -
0:0:0:0:0:0:0:1 - - [06/Mar/2025:07:56:26 +0100] "GET /webapp-session/ver-carro HTTP/1.1" 200 708
127.0.0.1 - admin [06/Mar/2025:07:57:33 +0100] "PUT /manager/text/deploy?path=%2Fwebapp-session&update=true HTTP/1.1" 200 85
0:0:0:0:0:0:0:1 - - [06/Mar/2025:07:57:41 +0100] "GET /webapp-session/login.html HTTP/1.1" 200 639
0:0:0:0:0:0:0:1 - - [06/Mar/2025:07:57:45 +0100] "POST /webapp-session/login HTTP/1.1" 302 -
0:0:0:0:0:0:0:1 - - [06/Mar/2025:07:57:45 +0100] "GET /webapp-session/login.html HTTP/1.1" 500 347
0:0:0:0:0:0:0:1 - - [06/Mar/2025:07:57:47 +0100] "GET /webapp-session/productos HTTP/1.1" 200 1156
0:0:0:0:0:0:0:1 - - [06/Mar/2025:07:57:48 +0100] "GET /webapp-session/agregar-carro?id=1 HTTP/1.1" 302 -
0:0:0:0:0:0:0:1 - - [06/Mar/2025:07:57:48 +0100] "GET /webapp-session/ver-carro HTTP/1.1" 200 705
127.0.0.1 - admin [06/Mar/2025:07:59:54 +0100] "PUT /manager/text/deploy?path=%2Fwebapp-session&update=true HTTP/1.1" 200 85
0:0:0:0:0:0:0:1 - - [06/Mar/2025:07:59:59 +0100] "GET /webapp-session/ver-carro HTTP/1.1" 200 370
0:0:0:0:0:0:0:1 - - [06/Mar/2025:08:00:00 +0100] "GET /webapp-session/productos HTTP/1.1" 200 697
0:0:0:0:0:0:0:1 - - [06/Mar/2025:08:00:02 +0100] "GET /webapp-session/productos HTTP/1.1" 200 697
0:0:0:0:0:0:0:1 - - [06/Mar/2025:08:00:07 +0100] "GET /webapp-session/index.html HTTP/1.1" 304 -
0:0:0:0:0:0:0:1 - - [06/Mar/2025:08:00:07 +0100] "GET /webapp-session/login.html HTTP/1.1" 200 639
0:0:0:0:0:0:0:1 - - [06/Mar/2025:08:00:13 +0100] "POST /webapp-session/login HTTP/1.1" 302 -
0:0:0:0:0:0:0:1 - - [06/Mar/2025:08:00:13 +0100] "GET /webapp-session/login.html HTTP/1.1" 500 347
0:0:0:0:0:0:0:1 - - [06/Mar/2025:08:00:14 +0100] "GET /webapp-session/productos HTTP/1.1" 200 1156
0:0:0:0:0:0:0:1 - - [06/Mar/2025:08:00:16 +0100] "GET /webapp-session/agregar-carro?id=1 HTTP/1.1" 302 -
0:0:0:0:0:0:0:1 - - [06/Mar/2025:08:00:16 +0100] "GET /webapp-session/ver-carro HTTP/1.1" 200 705
127.0.0.1 - admin [06/Mar/2025:08:00:35 +0100] "PUT /manager/text/deploy?path=%2Fwebapp-session&update=true HTTP/1.1" 200 85
0:0:0:0:0:0:0:1 - - [06/Mar/2025:08:00:39 +0100] "GET /webapp-session/ver-carro HTTP/1.1" 200 370
0:0:0:0:0:0:0:1 - - [06/Mar/2025:08:00:41 +0100] "GET /webapp-session/index.html HTTP/1.1" 304 -
0:0:0:0:0:0:0:1 - - [06/Mar/2025:08:00:42 +0100] "GET /webapp-session/login.html HTTP/1.1" 200 639
0:0:0:0:0:0:0:1 - - [06/Mar/2025:08:00:47 +0100] "POST /webapp-session/login HTTP/1.1" 302 -
0:0:0:0:0:0:0:1 - - [06/Mar/2025:08:00:47 +0100] "GET /webapp-session/login.html HTTP/1.1" 500 347
0:0:0:0:0:0:0:1 - - [06/Mar/2025:08:00:50 +0100] "GET /webapp-session/productos HTTP/1.1" 200 1156
0:0:0:0:0:0:0:1 - - [06/Mar/2025:08:00:51 +0100] "GET /webapp-session/agregar-carro?id=1 HTTP/1.1" 302 -
0:0:0:0:0:0:0:1 - - [06/Mar/2025:08:00:51 +0100] "GET /webapp-session/ver-carro HTTP/1.1" 200 730
0:0:0:0:0:0:0:1 - - [06/Mar/2025:08:00:56 +0100] "GET /webapp-session/productos HTTP/1.1" 200 1156
0:0:0:0:0:0:0:1 - - [06/Mar/2025:08:00:58 +0100] "GET /webapp-session/agregar-carro?id=2 HTTP/1.1" 302 -
0:0:0:0:0:0:0:1 - - [06/Mar/2025:08:00:58 +0100] "GET /webapp-session/ver-carro HTTP/1.1" 200 878
0:0:0:0:0:0:0:1 - - [06/Mar/2025:08:00:59 +0100] "GET /webapp-session/productos HTTP/1.1" 200 1156
0:0:0:0:0:0:0:1 - - [06/Mar/2025:08:01:00 +0100] "GET /webapp-session/agregar-carro?id=3 HTTP/1.1" 302 -
0:0:0:0:0:0:0:1 - - [06/Mar/2025:08:01:00 +0100] "GET /webapp-session/ver-carro HTTP/1.1" 200 1028
0:0:0:0:0:0:0:1 - - [06/Mar/2025:08:01:02 +0100] "GET /webapp-session/productos HTTP/1.1" 200 1156
0:0:0:0:0:0:0:1 - - [06/Mar/2025:08:01:03 +0100] "GET /webapp-session/agregar-carro?id=1 HTTP/1.1" 302 -
0:0:0:0:0:0:0:1 - - [06/Mar/2025:08:01:03 +0100] "GET /webapp-session/ver-carro HTTP/1.1" 200 1029
0:0:0:0:0:0:0:1 - - [06/Mar/2025:08:01:04 +0100] "GET /webapp-session/productos HTTP/1.1" 200 1156
0:0:0:0:0:0:0:1 - - [06/Mar/2025:08:01:05 +0100] "GET /webapp-session/agregar-carro?id=3 HTTP/1.1" 302 -
0:0:0:0:0:0:0:1 - - [06/Mar/2025:08:01:05 +0100] "GET /webapp-session/ver-carro HTTP/1.1" 200 1029
0:0:0:0:0:0:0:1 - - [06/Mar/2025:08:06:42 +0100] "GET /webapp-session/logout HTTP/1.1" 302 -
0:0:0:0:0:0:0:1 - - [06/Mar/2025:08:06:42 +0100] "GET /webapp-session/login.html HTTP/1.1" 200 639
127.0.0.1 - admin [06/Mar/2025:08:07:28 +0100] "PUT /manager/text/deploy?path=%2Fwebapp-session&update=true HTTP/1.1" 200 85
0:0:0:0:0:0:0:1 - - [06/Mar/2025:08:07:32 +0100] "GET /webapp-session/login.html HTTP/1.1" 200 639
0:0:0:0:0:0:0:1 - - [06/Mar/2025:08:07:34 +0100] "POST /webapp-session/login HTTP/1.1" 401 764
0:0:0:0:0:0:0:1 - - [06/Mar/2025:08:07:37 +0100] "GET /webapp-session/index.html HTTP/1.1" 200 468
0:0:0:0:0:0:0:1 - - [06/Mar/2025:08:07:39 +0100] "GET /webapp-session/login.html HTTP/1.1" 200 639
0:0:0:0:0:0:0:1 - - [06/Mar/2025:08:07:43 +0100] "POST /webapp-session/login HTTP/1.1" 302 -
0:0:0:0:0:0:0:1 - - [06/Mar/2025:08:07:43 +0100] "GET /webapp-session/login.html HTTP/1.1" 500 347
0:0:0:0:0:0:0:1 - - [06/Mar/2025:08:07:44 +0100] "GET /webapp-session/index.html HTTP/1.1" 304 -
0:0:0:0:0:0:0:1 - - [06/Mar/2025:08:07:46 +0100] "GET /webapp-session/ver-carro HTTP/1.1" 200 370
0:0:0:0:0:0:0:1 - - [06/Mar/2025:08:07:48 +0100] "GET /webapp-session/productos HTTP/1.1" 200 1156
0:0:0:0:0:0:0:1 - - [06/Mar/2025:08:07:51 +0100] "GET /webapp-session/agregar-carro?id=3 HTTP/1.1" 302 -
0:0:0:0:0:0:0:1 - - [06/Mar/2025:08:07:51 +0100] "GET /webapp-session/ver-carro HTTP/1.1" 200 738
0:0:0:0:0:0:0:1 - - [06/Mar/2025:08:07:53 +0100] "GET /webapp-session/productos HTTP/1.1" 200 1156
0:0:0:0:0:0:0:1 - - [06/Mar/2025:08:07:54 +0100] "GET /webapp-session/agregar-carro?id=2 HTTP/1.1" 302 -
0:0:0:0:0:0:0:1 - - [06/Mar/2025:08:07:54 +0100] "GET /webapp-session/ver-carro HTTP/1.1" 200 886
0:0:0:0:0:0:0:1 - - [06/Mar/2025:08:07:55 +0100] "GET /webapp-session/productos HTTP/1.1" 200 1156
0:0:0:0:0:0:0:1 - - [06/Mar/2025:08:07:56 +0100] "GET /webapp-session/agregar-carro?id=1 HTTP/1.1" 302 -
0:0:0:0:0:0:0:1 - - [06/Mar/2025:08:07:56 +0100] "GET /webapp-session/ver-carro HTTP/1.1" 200 1028
0:0:0:0:0:0:0:1 - - [06/Mar/2025:08:07:57 +0100] "GET /webapp-session/productos HTTP/1.1" 200 1156
0:0:0:0:0:0:0:1 - - [06/Mar/2025:08:07:58 +0100] "GET /webapp-session/agregar-carro?id=3 HTTP/1.1" 302 -
0:0:0:0:0:0:0:1 - - [06/Mar/2025:08:07:58 +0100] "GET /webapp-session/ver-carro HTTP/1.1" 200 1028
0:0:0:0:0:0:0:1 - - [06/Mar/2025:08:08:00 +0100] "GET /webapp-session/index.html HTTP/1.1" 304 -
0:0:0:0:0:0:0:1 - - [06/Mar/2025:08:08:01 +0100] "GET /webapp-session/ver-carro HTTP/1.1" 200 1028
0:0:0:0:0:0:0:1 - - [06/Mar/2025:08:09:17 +0100] "GET /webapp-session/productos HTTP/1.1" 200 1156
0:0:0:0:0:0:0:1 - - [06/Mar/2025:08:09:19 +0100] "GET /webapp-session/agregar-carro?id=1 HTTP/1.1" 302 -
0:0:0:0:0:0:0:1 - - [06/Mar/2025:08:09:19 +0100] "GET /webapp-session/ver-carro HTTP/1.1" 200 1029
127.0.0.1 - admin [06/Mar/2025:08:09:36 +0100] "PUT /manager/text/deploy?path=%2Fwebapp-session&update=true HTTP/1.1" 200 85
0:0:0:0:0:0:0:1 - - [06/Mar/2025:08:09:44 +0100] "GET /webapp-session/index.html HTTP/1.1" 304 -
0:0:0:0:0:0:0:1 - - [06/Mar/2025:08:09:45 +0100] "GET /webapp-session/index.html HTTP/1.1" 304 -
0:0:0:0:0:0:0:1 - - [06/Mar/2025:08:09:46 +0100] "GET /webapp-session/login.html HTTP/1.1" 200 639
0:0:0:0:0:0:0:1 - - [06/Mar/2025:08:09:53 +0100] "POST /webapp-session/login HTTP/1.1" 302 -
0:0:0:0:0:0:0:1 - - [06/Mar/2025:08:09:53 +0100] "GET /webapp-session/login.html HTTP/1.1" 500 347
0:0:0:0:0:0:0:1 - - [06/Mar/2025:08:09:57 +0100] "GET /webapp-session/productos HTTP/1.1" 200 1156
0:0:0:0:0:0:0:1 - - [06/Mar/2025:08:09:58 +0100] "GET /webapp-session/agregar-carro?id=1 HTTP/1.1" 302 -
0:0:0:0:0:0:0:1 - - [06/Mar/2025:08:09:58 +0100] "GET /webapp-session/ver-carro HTTP/1.1" 200 730
0:0:0:0:0:0:0:1 - - [06/Mar/2025:08:10:01 +0100] "GET /webapp-session/productos HTTP/1.1" 200 1156
0:0:0:0:0:0:0:1 - - [06/Mar/2025:08:10:02 +0100] "GET /webapp-session/agregar-carro?id=2 HTTP/1.1" 302 -
0:0:0:0:0:0:0:1 - - [06/Mar/2025:08:10:02 +0100] "GET /webapp-session/ver-carro HTTP/1.1" 200 878
0:0:0:0:0:0:0:1 - - [06/Mar/2025:08:10:04 +0100] "GET /webapp-session/productos HTTP/1.1" 200 1156
0:0:0:0:0:0:0:1 - - [06/Mar/2025:08:10:05 +0100] "GET /webapp-session/agregar-carro?id=3 HTTP/1.1" 302 -
0:0:0:0:0:0:0:1 - - [06/Mar/2025:08:10:05 +0100] "GET /webapp-session/ver-carro HTTP/1.1" 200 1028
0:0:0:0:0:0:0:1 - - [06/Mar/2025:08:10:12 +0100] "GET /webapp-session/productos HTTP/1.1" 200 1156
0:0:0:0:0:0:0:1 - - [06/Mar/2025:08:10:14 +0100] "GET /webapp-session/agregar-carro?id=1 HTTP/1.1" 302 -
0:0:0:0:0:0:0:1 - - [06/Mar/2025:08:10:14 +0100] "GET /webapp-session/ver-carro HTTP/1.1" 200 1029
0:0:0:0:0:0:0:1 - - [06/Mar/2025:08:10:16 +0100] "GET /webapp-session/productos HTTP/1.1" 200 1156
0:0:0:0:0:0:0:1 - - [06/Mar/2025:08:10:17 +0100] "GET /webapp-session/agregar-carro?id=3 HTTP/1.1" 302 -
0:0:0:0:0:0:0:1 - - [06/Mar/2025:08:10:17 +0100] "GET /webapp-session/ver-carro HTTP/1.1" 200 1029
0:0:0:0:0:0:0:1 - - [06/Mar/2025:08:10:18 +0100] "GET /webapp-session/productos HTTP/1.1" 200 1156
0:0:0:0:0:0:0:1 - - [06/Mar/2025:08:10:19 +0100] "GET /webapp-session/agregar-carro?id=3 HTTP/1.1" 302 -
0:0:0:0:0:0:0:1 - - [06/Mar/2025:08:10:19 +0100] "GET /webapp-session/ver-carro HTTP/1.1" 200 1030
0:0:0:0:0:0:0:1 - - [06/Mar/2025:08:10:20 +0100] "GET /webapp-session/index.html HTTP/1.1" 304 -
0:0:0:0:0:0:0:1 - - [06/Mar/2025:08:10:22 +0100] "GET /webapp-session/ver-carro HTTP/1.1" 200 1030
0:0:0:0:0:0:0:1 - - [06/Mar/2025:08:10:26 +0100] "GET /webapp-session/ver-carro HTTP/1.1" 200 1030
127.0.0.1 - admin [06/Mar/2025:08:17:09 +0100] "PUT /manager/text/deploy?path=%2Fwebapp-sessioncarro-tarea6&update=true HTTP/1.1" 200 97
0:0:0:0:0:0:0:1 - - [06/Mar/2025:08:17:15 +0100] "GET /webapp-sessioncarro-tarea6 HTTP/1.1" 302 -
0:0:0:0:0:0:0:1 - - [06/Mar/2025:08:17:15 +0100] "GET /webapp-sessioncarro-tarea6/ HTTP/1.1" 200 569
0:0:0:0:0:0:0:1 - - [06/Mar/2025:08:17:18 +0100] "GET /webapp-sessioncarro-tarea6/login.html HTTP/1.1" 200 596
0:0:0:0:0:0:0:1 - - [06/Mar/2025:08:17:23 +0100] "POST /webapp-sessioncarro-tarea6/login HTTP/1.1" 302 -
0:0:0:0:0:0:0:1 - - [06/Mar/2025:08:17:23 +0100] "GET /webapp-sessioncarro-tarea6/login.html HTTP/1.1" 200 353
0:0:0:0:0:0:0:1 - - [06/Mar/2025:08:17:24 +0100] "GET /webapp-sessioncarro-tarea6/index.html HTTP/1.1" 200 569
0:0:0:0:0:0:0:1 - - [06/Mar/2025:08:17:26 +0100] "GET /webapp-sessioncarro-tarea6/productos HTTP/1.1" 200 892
0:0:0:0:0:0:0:1 - - [06/Mar/2025:08:17:28 +0100] "GET /webapp-sessioncarro-tarea6/agregar-carro?id=1 HTTP/1.1" 302 -
0:0:0:0:0:0:0:1 - - [06/Mar/2025:08:17:28 +0100] "GET /webapp-sessioncarro-tarea6/ver-carro HTTP/1.1" 200 1445
0:0:0:0:0:0:0:1 - - [06/Mar/2025:08:17:34 +0100] "POST /webapp-sessioncarro-tarea6/actualizar-carro HTTP/1.1" 302 -
0:0:0:0:0:0:0:1 - - [06/Mar/2025:08:17:34 +0100] "GET /webapp-sessioncarro-tarea6/ver-carro HTTP/1.1" 200 1445
0:0:0:0:0:0:0:1 - - [06/Mar/2025:08:17:37 +0100] "GET /webapp-sessioncarro-tarea6/productos HTTP/1.1" 200 892
0:0:0:0:0:0:0:1 - - [06/Mar/2025:08:17:39 +0100] "GET /webapp-sessioncarro-tarea6/agregar-carro?id=3 HTTP/1.1" 302 -
0:0:0:0:0:0:0:1 - - [06/Mar/2025:08:17:39 +0100] "GET /webapp-sessioncarro-tarea6/ver-carro HTTP/1.1" 200 1833
0:0:0:0:0:0:0:1 - - [06/Mar/2025:08:17:40 +0100] "GET /webapp-sessioncarro-tarea6/productos HTTP/1.1" 200 892
0:0:0:0:0:0:0:1 - - [06/Mar/2025:08:17:41 +0100] "GET /webapp-sessioncarro-tarea6/agregar-carro?id=2 HTTP/1.1" 302 -
0:0:0:0:0:0:0:1 - - [06/Mar/2025:08:17:41 +0100] "GET /webapp-sessioncarro-tarea6/ver-carro HTTP/1.1" 200 2222
127.0.0.1 - admin [06/Mar/2025:09:58:11 +0100] "PUT /manager/text/deploy?path=%2Fwebapp-session&update=true HTTP/1.1" 200 85
0:0:0:0:0:0:0:1 - - [06/Mar/2025:09:58:17 +0100] "GET /webapp-session/index.html HTTP/1.1" 304 -
0:0:0:0:0:0:0:1 - - [06/Mar/2025:09:58:18 +0100] "GET /webapp-session/index.html HTTP/1.1" 304 -
127.0.0.1 - admin [06/Mar/2025:10:02:44 +0100] "PUT /manager/text/deploy?path=%2Fwebapp-session&update=true HTTP/1.1" 200 85
0:0:0:0:0:0:0:1 - - [06/Mar/2025:10:02:49 +0100] "GET /webapp-session/index.html HTTP/1.1" 304 -
127.0.0.1 - admin [06/Mar/2025:10:09:56 +0100] "PUT /manager/text/deploy?path=%2Fwebapp-session&update=true HTTP/1.1" 200 85
0:0:0:0:0:0:0:1 - - [06/Mar/2025:10:12:14 +0100] "GET /webapp-session/index.html HTTP/1.1" 304 -
0:0:0:0:0:0:0:1 - - [06/Mar/2025:10:12:22 +0100] "GET /webapp-session/login.html HTTP/1.1" 200 639
0:0:0:0:0:0:0:1 - - [06/Mar/2025:10:12:27 +0100] "POST /webapp-session/login HTTP/1.1" 302 -
0:0:0:0:0:0:0:1 - - [06/Mar/2025:10:12:27 +0100] "GET /webapp-session/login.html HTTP/1.1" 500 347
0:0:0:0:0:0:0:1 - - [06/Mar/2025:10:13:07 +0100] "GET /webapp-session/productos HTTP/1.1" 200 1156
0:0:0:0:0:0:0:1 - - [06/Mar/2025:10:13:11 +0100] "GET /webapp-session/ver-carro HTTP/1.1" 200 370
0:0:0:0:0:0:0:1 - - [06/Mar/2025:10:13:14 +0100] "GET /webapp-session/login.html HTTP/1.1" 500 347
127.0.0.1 - admin [06/Mar/2025:11:03:12 +0100] "PUT /manager/text/deploy?path=%2Fwebapp-session&update=true HTTP/1.1" 200 85
0:0:0:0:0:0:0:1 - - [06/Mar/2025:11:03:15 +0100] "GET /webapp-session HTTP/1.1" 302 -
0:0:0:0:0:0:0:1 - - [06/Mar/2025:11:03:15 +0100] "GET /webapp-session/ HTTP/1.1" 200 468
0:0:0:0:0:0:0:1 - - [06/Mar/2025:11:03:18 +0100] "GET /webapp-session/productos HTTP/1.1" 200 697
0:0:0:0:0:0:0:1 - - [06/Mar/2025:11:03:21 +0100] "GET /webapp-session/login.html HTTP/1.1" 200 639
0:0:0:0:0:0:0:1 - - [06/Mar/2025:11:03:26 +0100] "POST /webapp-session/login HTTP/1.1" 302 -
0:0:0:0:0:0:0:1 - - [06/Mar/2025:11:03:26 +0100] "GET /webapp-session/login.html HTTP/1.1" 500 347
0:0:0:0:0:0:0:1 - - [06/Mar/2025:11:03:27 +0100] "GET /webapp-session/index.html HTTP/1.1" 304 -
0:0:0:0:0:0:0:1 - - [06/Mar/2025:11:03:28 +0100] "GET /webapp-session/productos HTTP/1.1" 200 1156
0:0:0:0:0:0:0:1 - - [06/Mar/2025:11:03:33 +0100] "GET /webapp-session/agregar-carro?id=1 HTTP/1.1" 302 -
0:0:0:0:0:0:0:1 - - [06/Mar/2025:11:03:33 +0100] "GET /webapp-session/ver-carro HTTP/1.1" 200 877
127.0.0.1 - admin [06/Mar/2025:11:05:32 +0100] "PUT /manager/text/deploy?path=%2Fwebapp-session&update=true HTTP/1.1" 200 85
0:0:0:0:0:0:0:1 - - [06/Mar/2025:11:05:39 +0100] "GET /webapp-session/ver-carro HTTP/1.1" 200 370
0:0:0:0:0:0:0:1 - - [06/Mar/2025:11:05:42 +0100] "GET /webapp-session/login.html HTTP/1.1" 200 639
0:0:0:0:0:0:0:1 - - [06/Mar/2025:11:05:47 +0100] "POST /webapp-session/login HTTP/1.1" 302 -
0:0:0:0:0:0:0:1 - - [06/Mar/2025:11:05:47 +0100] "GET /webapp-session/login.html HTTP/1.1" 500 347
0:0:0:0:0:0:0:1 - - [06/Mar/2025:11:05:50 +0100] "GET /webapp-session/productos HTTP/1.1" 200 1156
0:0:0:0:0:0:0:1 - - [06/Mar/2025:11:05:51 +0100] "GET /webapp-session/agregar-carro?id=1 HTTP/1.1" 302 -
0:0:0:0:0:0:0:1 - - [06/Mar/2025:11:05:51 +0100] "GET /webapp-session/ver-carro HTTP/1.1" 200 1255
0:0:0:0:0:0:0:1 - - [06/Mar/2025:11:05:58 +0100] "POST /webapp-session/actualizar-carro HTTP/1.1" 404 722
127.0.0.1 - admin [06/Mar/2025:11:07:21 +0100] "PUT /manager/text/deploy?path=%2Fwebapp-session&update=true HTTP/1.1" 200 85
0:0:0:0:0:0:0:1 - - [06/Mar/2025:11:07:25 +0100] "POST /webapp-session/actualizar-carro HTTP/1.1" 302 -
0:0:0:0:0:0:0:1 - - [06/Mar/2025:11:07:26 +0100] "GET /webapp-session/ver-carro HTTP/1.1" 200 370
0:0:0:0:0:0:0:1 - - [06/Mar/2025:11:07:27 +0100] "GET /webapp-session/productos HTTP/1.1" 200 697
0:0:0:0:0:0:0:1 - - [06/Mar/2025:11:07:30 +0100] "GET /webapp-session/login.html HTTP/1.1" 200 639
0:0:0:0:0:0:0:1 - - [06/Mar/2025:11:07:35 +0100] "POST /webapp-session/login HTTP/1.1" 302 -
0:0:0:0:0:0:0:1 - - [06/Mar/2025:11:07:35 +0100] "GET /webapp-session/login.html HTTP/1.1" 500 347
0:0:0:0:0:0:0:1 - - [06/Mar/2025:11:07:38 +0100] "GET /webapp-session/productos HTTP/1.1" 200 1156
0:0:0:0:0:0:0:1 - - [06/Mar/2025:11:07:40 +0100] "GET /webapp-session/agregar-carro?id=2 HTTP/1.1" 302 -
0:0:0:0:0:0:0:1 - - [06/Mar/2025:11:07:40 +0100] "GET /webapp-session/ver-carro HTTP/1.1" 200 1261
0:0:0:0:0:0:0:1 - - [06/Mar/2025:11:07:44 +0100] "POST /webapp-session/actualizar-carro HTTP/1.1" 302 -
0:0:0:0:0:0:0:1 - - [06/Mar/2025:11:07:44 +0100] "GET /webapp-session/ver-carro HTTP/1.1" 200 1261
0:0:0:0:0:0:0:1 - - [06/Mar/2025:11:07:47 +0100] "POST /webapp-session/actualizar-carro HTTP/1.1" 302 -
0:0:0:0:0:0:0:1 - - [06/Mar/2025:11:07:47 +0100] "GET /webapp-session/ver-carro HTTP/1.1" 200 370
