127.0.0.1 - admin [14/Mar/2025:08:50:33 +0100] "PUT /manager/text/deploy?path=%2Fwebapp-session&update=true HTTP/1.1" 200 85
0:0:0:0:0:0:0:1 - - [14/Mar/2025:08:50:39 +0100] "GET /webapp-session/login.html HTTP/1.1" 500 4513
127.0.0.1 - admin [14/Mar/2025:08:50:55 +0100] "PUT /manager/text/deploy?path=%2Fwebapp-session&update=true HTTP/1.1" 200 85
0:0:0:0:0:0:0:1 - - [14/Mar/2025:08:51:09 +0100] "GET /webapp-session/login.html HTTP/1.1" 200 3626
0:0:0:0:0:0:0:1 - - [14/Mar/2025:08:51:12 +0100] "GET /webapp-session/usuarios/sing-in HTTP/1.1" 500 104305
127.0.0.1 - admin [14/Mar/2025:08:52:33 +0100] "PUT /manager/text/deploy?path=%2Fwebapp-session&update=true HTTP/1.1" 200 85
0:0:0:0:0:0:0:1 - - [14/Mar/2025:08:52:37 +0100] "GET /webapp-session/usuarios/sing-in HTTP/1.1" 200 -
0:0:0:0:0:0:0:1 - - [14/Mar/2025:08:53:26 +0100] "GET /webapp-session/usuarios/sing-in.jsp HTTP/1.1" 404 689
0:0:0:0:0:0:0:1 - - [14/Mar/2025:08:53:33 +0100] "GET /webapp-session/usuarios/sing-in HTTP/1.1" 200 -
127.0.0.1 - admin [14/Mar/2025:08:54:47 +0100] "PUT /manager/text/deploy?path=%2Fwebapp-session&update=true HTTP/1.1" 200 85
0:0:0:0:0:0:0:1 - - [14/Mar/2025:08:54:51 +0100] "GET /webapp-session/usuarios/sing-in HTTP/1.1" 200 3878
0:0:0:0:0:0:0:1 - - [14/Mar/2025:08:55:17 +0100] "GET /webapp-session/login HTTP/1.1" 200 3626
0:0:0:0:0:0:0:1 - - [14/Mar/2025:08:55:23 +0100] "POST /webapp-session/login HTTP/1.1" 302 -
0:0:0:0:0:0:0:1 - - [14/Mar/2025:08:55:23 +0100] "GET /webapp-session/login.html HTTP/1.1" 200 346
0:0:0:0:0:0:0:1 - - [14/Mar/2025:08:55:24 +0100] "GET /webapp-session/index.jsp HTTP/1.1" 500 9880
127.0.0.1 - admin [14/Mar/2025:08:56:27 +0100] "PUT /manager/text/deploy?path=%2Fwebapp-session&update=true HTTP/1.1" 200 85
0:0:0:0:0:0:0:1 - - [14/Mar/2025:08:56:31 +0100] "GET /webapp-session/index.jsp HTTP/1.1" 200 3316
0:0:0:0:0:0:0:1 - - [14/Mar/2025:08:56:32 +0100] "GET /webapp-session/login HTTP/1.1" 200 3626
0:0:0:0:0:0:0:1 - - [14/Mar/2025:08:56:36 +0100] "POST /webapp-session/login HTTP/1.1" 302 -
0:0:0:0:0:0:0:1 - - [14/Mar/2025:08:56:36 +0100] "GET /webapp-session/login.html HTTP/1.1" 200 346
0:0:0:0:0:0:0:1 - - [14/Mar/2025:08:56:37 +0100] "GET /webapp-session/index.jsp HTTP/1.1" 500 9874
127.0.0.1 - admin [14/Mar/2025:08:57:53 +0100] "PUT /manager/text/deploy?path=%2Fwebapp-session&update=true HTTP/1.1" 200 85
0:0:0:0:0:0:0:1 - - [14/Mar/2025:08:57:59 +0100] "GET /webapp-session/index.jsp HTTP/1.1" 200 3316
0:0:0:0:0:0:0:1 - - [14/Mar/2025:08:58:01 +0100] "GET /webapp-session/login HTTP/1.1" 200 3626
0:0:0:0:0:0:0:1 - - [14/Mar/2025:08:58:04 +0100] "POST /webapp-session/login HTTP/1.1" 302 -
0:0:0:0:0:0:0:1 - - [14/Mar/2025:08:58:04 +0100] "GET /webapp-session/login.html HTTP/1.1" 200 346
0:0:0:0:0:0:0:1 - - [14/Mar/2025:08:58:05 +0100] "GET /webapp-session/index.jsp HTTP/1.1" 200 3318
127.0.0.1 - admin [14/Mar/2025:08:58:35 +0100] "PUT /manager/text/deploy?path=%2Fwebapp-session&update=true HTTP/1.1" 200 85
0:0:0:0:0:0:0:1 - - [14/Mar/2025:08:58:47 +0100] "GET /webapp-session/index.jsp HTTP/1.1" 200 3316
0:0:0:0:0:0:0:1 - - [14/Mar/2025:08:58:48 +0100] "GET /webapp-session/login HTTP/1.1" 200 3626
0:0:0:0:0:0:0:1 - - [14/Mar/2025:08:58:52 +0100] "POST /webapp-session/login HTTP/1.1" 302 -
0:0:0:0:0:0:0:1 - - [14/Mar/2025:08:58:52 +0100] "GET /webapp-session/login.html HTTP/1.1" 200 346
0:0:0:0:0:0:0:1 - - [14/Mar/2025:08:58:54 +0100] "GET /webapp-session/index.jsp HTTP/1.1" 200 3318
0:0:0:0:0:0:0:1 - - [14/Mar/2025:09:12:44 +0100] "GET /webapp-session/productos HTTP/1.1" 200 10302
0:0:0:0:0:0:0:1 - - [14/Mar/2025:09:12:45 +0100] "GET /webapp-session/productos/form HTTP/1.1" 200 6178
127.0.0.1 - admin [14/Mar/2025:09:14:03 +0100] "PUT /manager/text/deploy?path=%2Fwebapp-session&update=true HTTP/1.1" 200 85
0:0:0:0:0:0:0:1 - - [14/Mar/2025:09:14:09 +0100] "GET /webapp-session/productos/form HTTP/1.1" 401 771
0:0:0:0:0:0:0:1 - - [14/Mar/2025:09:14:14 +0100] "GET /webapp-session/productos/form HTTP/1.1" 401 771
0:0:0:0:0:0:0:1 - - [14/Mar/2025:09:14:19 +0100] "GET /webapp-session/login.html HTTP/1.1" 200 3603
0:0:0:0:0:0:0:1 - - [14/Mar/2025:09:14:23 +0100] "POST /webapp-session/login HTTP/1.1" 302 -
0:0:0:0:0:0:0:1 - - [14/Mar/2025:09:14:23 +0100] "GET /webapp-session/login.html HTTP/1.1" 200 346
0:0:0:0:0:0:0:1 - - [14/Mar/2025:09:14:24 +0100] "GET /webapp-session/index.jsp HTTP/1.1" 200 3117
0:0:0:0:0:0:0:1 - - [14/Mar/2025:09:14:31 +0100] "GET /webapp-session/productos/form HTTP/1.1" 200 5977
127.0.0.1 - admin [14/Mar/2025:09:22:30 +0100] "PUT /manager/text/deploy?path=%2Fwebapp-session&update=true HTTP/1.1" 200 85
0:0:0:0:0:0:0:1 - - [14/Mar/2025:09:22:34 +0100] "GET /webapp-session/index.jsp HTTP/1.1" 200 3560
127.0.0.1 - admin [14/Mar/2025:09:23:47 +0100] "PUT /manager/text/deploy?path=%2Fwebapp-session&update=true HTTP/1.1" 200 85
0:0:0:0:0:0:0:1 - - [14/Mar/2025:09:23:53 +0100] "GET /webapp-session/index.jsp HTTP/1.1" 200 3431
127.0.0.1 - admin [14/Mar/2025:09:24:45 +0100] "PUT /manager/text/deploy?path=%2Fwebapp-session&update=true HTTP/1.1" 200 85
0:0:0:0:0:0:0:1 - - [14/Mar/2025:09:24:51 +0100] "GET /webapp-session/index.jsp HTTP/1.1" 200 3437
127.0.0.1 - admin [14/Mar/2025:09:27:40 +0100] "PUT /manager/text/deploy?path=%2Fwebapp-session&update=true HTTP/1.1" 200 85
0:0:0:0:0:0:0:1 - - [14/Mar/2025:09:27:44 +0100] "GET /webapp-session/index.jsp HTTP/1.1" 200 3701
0:0:0:0:0:0:0:1 - - [14/Mar/2025:09:32:43 +0100] "GET /webapp-session/index.jsp HTTP/1.1" 200 3701
0:0:0:0:0:0:0:1 - - [14/Mar/2025:09:33:52 +0100] "GET /webapp-session/index.jsp HTTP/1.1" 200 3701
127.0.0.1 - admin [14/Mar/2025:09:34:49 +0100] "PUT /manager/text/deploy?path=%2Fwebapp-session&update=true HTTP/1.1" 200 85
0:0:0:0:0:0:0:1 - - [14/Mar/2025:09:34:53 +0100] "GET /webapp-session/index.jsp HTTP/1.1" 200 4093
127.0.0.1 - admin [14/Mar/2025:09:38:07 +0100] "PUT /manager/text/deploy?path=%2Fwebapp-session&update=true HTTP/1.1" 200 85
0:0:0:0:0:0:0:1 - - [14/Mar/2025:09:38:12 +0100] "GET /webapp-session/index.jsp HTTP/1.1" 200 4363
127.0.0.1 - admin [14/Mar/2025:09:38:26 +0100] "PUT /manager/text/deploy?path=%2Fwebapp-session&update=true HTTP/1.1" 200 85
0:0:0:0:0:0:0:1 - - [14/Mar/2025:09:38:32 +0100] "GET /webapp-session/index.jsp HTTP/1.1" 200 4363
127.0.0.1 - admin [14/Mar/2025:09:39:17 +0100] "PUT /manager/text/deploy?path=%2Fwebapp-session&update=true HTTP/1.1" 200 85
0:0:0:0:0:0:0:1 - - [14/Mar/2025:09:39:22 +0100] "GET /webapp-session/index.jsp HTTP/1.1" 200 4242
127.0.0.1 - admin [14/Mar/2025:09:43:12 +0100] "PUT /manager/text/deploy?path=%2Fwebapp-session&update=true HTTP/1.1" 200 85
0:0:0:0:0:0:0:1 - - [14/Mar/2025:09:43:17 +0100] "GET /webapp-session/index.jsp HTTP/1.1" 200 4095
0:0:0:0:0:0:0:1 - - [14/Mar/2025:09:44:51 +0100] "GET /webapp-session/index.jsp HTTP/1.1" 200 4095
127.0.0.1 - admin [14/Mar/2025:09:44:59 +0100] "PUT /manager/text/deploy?path=%2Fwebapp-session&update=true HTTP/1.1" 200 85
0:0:0:0:0:0:0:1 - - [14/Mar/2025:09:45:03 +0100] "GET /webapp-session/index.jsp HTTP/1.1" 200 4140
0:0:0:0:0:0:0:1 - - [14/Mar/2025:09:45:03 +0100] "GET /webapp-session/index.jsp HTTP/1.1" 200 4140
127.0.0.1 - admin [14/Mar/2025:09:46:38 +0100] "PUT /manager/text/deploy?path=%2Fwebapp-session&update=true HTTP/1.1" 200 85
0:0:0:0:0:0:0:1 - - [14/Mar/2025:09:46:42 +0100] "GET /webapp-session/index.jsp HTTP/1.1" 200 4138
127.0.0.1 - admin [14/Mar/2025:09:51:29 +0100] "PUT /manager/text/deploy?path=%2Fwebapp-session&update=true HTTP/1.1" 200 85
0:0:0:0:0:0:0:1 - - [14/Mar/2025:09:51:32 +0100] "GET /webapp-session/index.jsp HTTP/1.1" 200 4093
127.0.0.1 - admin [14/Mar/2025:09:52:30 +0100] "PUT /manager/text/deploy?path=%2Fwebapp-session&update=true HTTP/1.1" 200 85
0:0:0:0:0:0:0:1 - - [14/Mar/2025:09:52:33 +0100] "GET /webapp-session/index.jsp HTTP/1.1" 200 3431
0:0:0:0:0:0:0:1 - - [14/Mar/2025:09:52:37 +0100] "GET /webapp-session/login HTTP/1.1" 200 3741
0:0:0:0:0:0:0:1 - - [14/Mar/2025:09:52:42 +0100] "POST /webapp-session/login HTTP/1.1" 302 -
0:0:0:0:0:0:0:1 - - [14/Mar/2025:09:52:42 +0100] "GET /webapp-session/login.html HTTP/1.1" 200 346
0:0:0:0:0:0:0:1 - - [14/Mar/2025:09:52:44 +0100] "GET /webapp-session/index.jsp HTTP/1.1" 200 3255
127.0.0.1 - admin [14/Mar/2025:09:53:55 +0100] "PUT /manager/text/deploy?path=%2Fwebapp-session&update=true HTTP/1.1" 200 85
0:0:0:0:0:0:0:1 - - [14/Mar/2025:09:53:59 +0100] "GET /webapp-session/index.jsp HTTP/1.1" 200 3428
0:0:0:0:0:0:0:1 - - [14/Mar/2025:09:54:06 +0100] "GET /webapp-session/login HTTP/1.1" 200 3738
0:0:0:0:0:0:0:1 - - [14/Mar/2025:09:54:10 +0100] "POST /webapp-session/login HTTP/1.1" 302 -
0:0:0:0:0:0:0:1 - - [14/Mar/2025:09:54:10 +0100] "GET /webapp-session/login.html HTTP/1.1" 200 346
0:0:0:0:0:0:0:1 - - [14/Mar/2025:09:54:11 +0100] "GET /webapp-session/index.jsp HTTP/1.1" 200 3252
127.0.0.1 - admin [14/Mar/2025:09:58:23 +0100] "PUT /manager/text/deploy?path=%2Fwebapp-session&update=true HTTP/1.1" 200 85
0:0:0:0:0:0:0:1 - - [14/Mar/2025:09:58:27 +0100] "GET /webapp-session/index.jsp HTTP/1.1" 200 3434
127.0.0.1 - admin [14/Mar/2025:10:18:58 +0100] "PUT /manager/text/deploy?path=%2Fwebapp-session&update=true HTTP/1.1" 200 85
127.0.0.1 - admin [14/Mar/2025:10:23:30 +0100] "PUT /manager/text/deploy?path=%2Fwebapp-session&update=true HTTP/1.1" 200 85
127.0.0.1 - admin [14/Mar/2025:10:29:04 +0100] "PUT /manager/text/deploy?path=%2Fwebapp-session&update=true HTTP/1.1" 200 85
0:0:0:0:0:0:0:1 - - [14/Mar/2025:10:29:10 +0100] "GET /webapp-session/index.jsp HTTP/1.1" 200 3456
0:0:0:0:0:0:0:1 - - [14/Mar/2025:10:29:12 +0100] "GET /webapp-session/login HTTP/1.1" 200 3766
0:0:0:0:0:0:0:1 - - [14/Mar/2025:10:29:19 +0100] "POST /webapp-session/login HTTP/1.1" 302 -
0:0:0:0:0:0:0:1 - - [14/Mar/2025:10:29:19 +0100] "GET /webapp-session/login.html HTTP/1.1" 200 342
0:0:0:0:0:0:0:1 - - [14/Mar/2025:10:29:21 +0100] "GET /webapp-session/index.jsp HTTP/1.1" 200 3278
0:0:0:0:0:0:0:1 - - [14/Mar/2025:10:29:39 +0100] "GET /webapp-session/usuarios/listar HTTP/1.1" 404 725
0:0:0:0:0:0:0:1 - - [14/Mar/2025:10:30:30 +0100] "GET /webapp-session/logout HTTP/1.1" 302 -
0:0:0:0:0:0:0:1 - - [14/Mar/2025:10:30:30 +0100] "GET /webapp-session/login.html HTTP/1.1" 200 3766
0:0:0:0:0:0:0:1 - - [14/Mar/2025:10:30:32 +0100] "GET /webapp-session/login HTTP/1.1" 200 3766
0:0:0:0:0:0:0:1 - - [14/Mar/2025:10:30:36 +0100] "POST /webapp-session/login HTTP/1.1" 302 -
0:0:0:0:0:0:0:1 - - [14/Mar/2025:10:30:36 +0100] "GET /webapp-session/login.html HTTP/1.1" 200 346
0:0:0:0:0:0:0:1 - - [14/Mar/2025:10:30:37 +0100] "GET /webapp-session/index.jsp HTTP/1.1" 200 3280
127.0.0.1 - admin [14/Mar/2025:10:31:52 +0100] "PUT /manager/text/deploy?path=%2Fwebapp-session&update=true HTTP/1.1" 200 85
0:0:0:0:0:0:0:1 - - [14/Mar/2025:10:31:58 +0100] "GET /webapp-session/index.jsp HTTP/1.1" 200 3456
0:0:0:0:0:0:0:1 - - [14/Mar/2025:10:31:59 +0100] "GET /webapp-session/login HTTP/1.1" 200 3766
0:0:0:0:0:0:0:1 - - [14/Mar/2025:10:32:03 +0100] "POST /webapp-session/login HTTP/1.1" 302 -
0:0:0:0:0:0:0:1 - - [14/Mar/2025:10:32:03 +0100] "GET /webapp-session/login.html HTTP/1.1" 200 346
0:0:0:0:0:0:0:1 - - [14/Mar/2025:10:32:04 +0100] "GET /webapp-session/index.jsp HTTP/1.1" 200 3280
127.0.0.1 - admin [14/Mar/2025:10:37:03 +0100] "PUT /manager/text/deploy?path=%2Fwebapp-session&update=true HTTP/1.1" 200 85
0:0:0:0:0:0:0:1 - - [14/Mar/2025:10:37:07 +0100] "GET /webapp-session/index.jsp HTTP/1.1" 200 3494
0:0:0:0:0:0:0:1 - - [14/Mar/2025:10:38:09 +0100] "GET /webapp-session/login HTTP/1.1" 200 3804
0:0:0:0:0:0:0:1 - - [14/Mar/2025:10:38:14 +0100] "POST /webapp-session/login HTTP/1.1" 302 -
0:0:0:0:0:0:0:1 - - [14/Mar/2025:10:38:14 +0100] "GET /webapp-session/login.html HTTP/1.1" 200 346
0:0:0:0:0:0:0:1 - - [14/Mar/2025:10:38:15 +0100] "GET /webapp-session/index.jsp HTTP/1.1" 200 3318
127.0.0.1 - admin [14/Mar/2025:10:47:13 +0100] "PUT /manager/text/deploy?path=%2Fwebapp-session&update=true HTTP/1.1" 200 85
0:0:0:0:0:0:0:1 - - [14/Mar/2025:10:47:16 +0100] "GET /webapp-session/index.jsp HTTP/1.1" 200 3499
0:0:0:0:0:0:0:1 - - [14/Mar/2025:10:47:21 +0100] "GET /webapp-session/login HTTP/1.1" 200 3809
0:0:0:0:0:0:0:1 - - [14/Mar/2025:10:47:26 +0100] "POST /webapp-session/login HTTP/1.1" 302 -
0:0:0:0:0:0:0:1 - - [14/Mar/2025:10:47:26 +0100] "GET /webapp-session/login.html HTTP/1.1" 200 346
0:0:0:0:0:0:0:1 - - [14/Mar/2025:10:47:27 +0100] "GET /webapp-session/index.jsp HTTP/1.1" 200 3323
127.0.0.1 - admin [14/Mar/2025:10:52:03 +0100] "PUT /manager/text/deploy?path=%2Fwebapp-session&update=true HTTP/1.1" 200 85
127.0.0.1 - admin [14/Mar/2025:10:54:52 +0100] "PUT /manager/text/deploy?path=%2Fwebapp-session&update=true HTTP/1.1" 200 85
127.0.0.1 - admin [14/Mar/2025:10:55:29 +0100] "PUT /manager/text/deploy?path=%2Fwebapp-session&update=true HTTP/1.1" 200 85
0:0:0:0:0:0:0:1 - - [14/Mar/2025:10:55:38 +0100] "GET /webapp-session/index.jsp HTTP/1.1" 200 3499
0:0:0:0:0:0:0:1 - - [14/Mar/2025:10:55:40 +0100] "GET /webapp-session/login HTTP/1.1" 200 3809
0:0:0:0:0:0:0:1 - - [14/Mar/2025:10:55:45 +0100] "POST /webapp-session/login HTTP/1.1" 302 -
0:0:0:0:0:0:0:1 - - [14/Mar/2025:10:55:45 +0100] "GET /webapp-session/login.html HTTP/1.1" 200 346
0:0:0:0:0:0:0:1 - - [14/Mar/2025:10:55:46 +0100] "GET /webapp-session/index.jsp HTTP/1.1" 200 3508
127.0.0.1 - admin [14/Mar/2025:10:56:06 +0100] "PUT /manager/text/deploy?path=%2Fwebapp-session&update=true HTTP/1.1" 200 85
0:0:0:0:0:0:0:1 - - [14/Mar/2025:10:56:17 +0100] "GET /webapp-session/index.jsp HTTP/1.1" 200 3456
0:0:0:0:0:0:0:1 - - [14/Mar/2025:10:56:19 +0100] "GET /webapp-session/login HTTP/1.1" 200 3766
0:0:0:0:0:0:0:1 - - [14/Mar/2025:10:56:23 +0100] "POST /webapp-session/login HTTP/1.1" 302 -
0:0:0:0:0:0:0:1 - - [14/Mar/2025:10:56:23 +0100] "GET /webapp-session/login.html HTTP/1.1" 200 346
0:0:0:0:0:0:0:1 - - [14/Mar/2025:10:56:24 +0100] "GET /webapp-session/index.jsp HTTP/1.1" 200 3466
0:0:0:0:0:0:0:1 - - [14/Mar/2025:10:56:26 +0100] "GET /webapp-session/usuarios/listar HTTP/1.1" 404 725
127.0.0.1 - admin [14/Mar/2025:10:57:00 +0100] "PUT /manager/text/deploy?path=%2Fwebapp-session&update=true HTTP/1.1" 200 85
0:0:0:0:0:0:0:1 - - [14/Mar/2025:10:57:06 +0100] "GET /webapp-session/usuarios/listar HTTP/1.1" 404 725
0:0:0:0:0:0:0:1 - - [14/Mar/2025:10:57:11 +0100] "GET /webapp-session/index.jsp HTTP/1.1" 200 3456
0:0:0:0:0:0:0:1 - - [14/Mar/2025:10:57:12 +0100] "GET /webapp-session/login HTTP/1.1" 200 3766
0:0:0:0:0:0:0:1 - - [14/Mar/2025:10:57:16 +0100] "POST /webapp-session/login HTTP/1.1" 302 -
0:0:0:0:0:0:0:1 - - [14/Mar/2025:10:57:16 +0100] "GET /webapp-session/login.html HTTP/1.1" 200 346
0:0:0:0:0:0:0:1 - - [14/Mar/2025:10:57:18 +0100] "GET /webapp-session/index.jsp HTTP/1.1" 200 3466
0:0:0:0:0:0:0:1 - - [14/Mar/2025:10:57:19 +0100] "GET /webapp-session/usuarios/listar HTTP/1.1" 404 725
127.0.0.1 - admin [14/Mar/2025:10:57:37 +0100] "PUT /manager/text/deploy?path=%2Fwebapp-session&update=true HTTP/1.1" 200 85
127.0.0.1 - admin [14/Mar/2025:10:58:07 +0100] "PUT /manager/text/deploy?path=%2Fwebapp-session&update=true HTTP/1.1" 200 85
127.0.0.1 - admin [14/Mar/2025:10:58:30 +0100] "PUT /manager/text/deploy?path=%2Fwebapp-session&update=true HTTP/1.1" 200 85
127.0.0.1 - admin [14/Mar/2025:10:58:49 +0100] "PUT /manager/text/deploy?path=%2Fwebapp-session&update=true HTTP/1.1" 200 85
0:0:0:0:0:0:0:1 - - [14/Mar/2025:10:58:53 +0100] "GET /webapp-session/index.jsp HTTP/1.1" 200 3456
0:0:0:0:0:0:0:1 - - [14/Mar/2025:10:58:55 +0100] "GET /webapp-session/login HTTP/1.1" 200 3766
0:0:0:0:0:0:0:1 - - [14/Mar/2025:10:58:59 +0100] "POST /webapp-session/login HTTP/1.1" 302 -
0:0:0:0:0:0:0:1 - - [14/Mar/2025:10:58:59 +0100] "GET /webapp-session/login.html HTTP/1.1" 200 346
0:0:0:0:0:0:0:1 - - [14/Mar/2025:10:59:00 +0100] "GET /webapp-session/index.jsp HTTP/1.1" 200 3465
0:0:0:0:0:0:0:1 - - [14/Mar/2025:10:59:02 +0100] "GET /webapp-session/usuarios/lista HTTP/1.1" 500 2815
127.0.0.1 - admin [14/Mar/2025:11:00:54 +0100] "PUT /manager/text/deploy?path=%2Fwebapp-session&update=true HTTP/1.1" 200 85
0:0:0:0:0:0:0:1 - - [14/Mar/2025:11:01:00 +0100] "GET /webapp-session/usuarios/lista HTTP/1.1" 401 751
0:0:0:0:0:0:0:1 - - [14/Mar/2025:11:01:04 +0100] "GET /webapp-session/index.jsp HTTP/1.1" 200 3456
0:0:0:0:0:0:0:1 - - [14/Mar/2025:11:01:06 +0100] "GET /webapp-session/login HTTP/1.1" 200 3766
0:0:0:0:0:0:0:1 - - [14/Mar/2025:11:01:14 +0100] "POST /webapp-session/login HTTP/1.1" 302 -
0:0:0:0:0:0:0:1 - - [14/Mar/2025:11:01:14 +0100] "GET /webapp-session/login.html HTTP/1.1" 200 346
0:0:0:0:0:0:0:1 - - [14/Mar/2025:11:01:15 +0100] "GET /webapp-session/index.jsp HTTP/1.1" 200 3465
0:0:0:0:0:0:0:1 - - [14/Mar/2025:11:01:17 +0100] "GET /webapp-session/usuarios/lista HTTP/1.1" 404 684
127.0.0.1 - admin [14/Mar/2025:11:01:42 +0100] "PUT /manager/text/deploy?path=%2Fwebapp-session&update=true HTTP/1.1" 200 85
0:0:0:0:0:0:0:1 - - [14/Mar/2025:11:01:53 +0100] "GET /webapp-session/index.jsp HTTP/1.1" 200 3456
0:0:0:0:0:0:0:1 - - [14/Mar/2025:11:01:55 +0100] "GET /webapp-session/login HTTP/1.1" 200 3766
0:0:0:0:0:0:0:1 - - [14/Mar/2025:11:01:59 +0100] "POST /webapp-session/login HTTP/1.1" 302 -
0:0:0:0:0:0:0:1 - - [14/Mar/2025:11:01:59 +0100] "GET /webapp-session/login.html HTTP/1.1" 200 346
0:0:0:0:0:0:0:1 - - [14/Mar/2025:11:02:00 +0100] "GET /webapp-session/index.jsp HTTP/1.1" 200 3465
0:0:0:0:0:0:0:1 - - [14/Mar/2025:11:02:02 +0100] "GET /webapp-session/usuarios/lista HTTP/1.1" 200 3706
127.0.0.1 - admin [14/Mar/2025:11:05:58 +0100] "PUT /manager/text/deploy?path=%2Fwebapp-session&update=true HTTP/1.1" 200 85
0:0:0:0:0:0:0:1 - - [14/Mar/2025:11:06:05 +0100] "GET /webapp-session/usuarios/lista HTTP/1.1" 401 751
0:0:0:0:0:0:0:1 - - [14/Mar/2025:11:06:08 +0100] "GET /webapp-session/index.jsp HTTP/1.1" 200 3456
0:0:0:0:0:0:0:1 - - [14/Mar/2025:11:06:10 +0100] "GET /webapp-session/login HTTP/1.1" 200 3766
0:0:0:0:0:0:0:1 - - [14/Mar/2025:11:06:13 +0100] "POST /webapp-session/login HTTP/1.1" 302 -
0:0:0:0:0:0:0:1 - - [14/Mar/2025:11:06:13 +0100] "GET /webapp-session/login.html HTTP/1.1" 200 346
0:0:0:0:0:0:0:1 - - [14/Mar/2025:11:06:16 +0100] "GET /webapp-session/index.jsp HTTP/1.1" 200 3465
0:0:0:0:0:0:0:1 - - [14/Mar/2025:11:06:18 +0100] "GET /webapp-session/usuarios/lista HTTP/1.1" 500 6722
127.0.0.1 - admin [14/Mar/2025:11:07:09 +0100] "PUT /manager/text/deploy?path=%2Fwebapp-session&update=true HTTP/1.1" 200 85
0:0:0:0:0:0:0:1 - - [14/Mar/2025:11:07:13 +0100] "GET /webapp-session/usuarios/lista HTTP/1.1" 401 751
0:0:0:0:0:0:0:1 - - [14/Mar/2025:11:07:15 +0100] "GET /webapp-session/usuarios/lista HTTP/1.1" 401 751
0:0:0:0:0:0:0:1 - - [14/Mar/2025:11:07:16 +0100] "GET /webapp-session/index.jsp HTTP/1.1" 200 3456
0:0:0:0:0:0:0:1 - - [14/Mar/2025:11:07:18 +0100] "GET /webapp-session/login HTTP/1.1" 200 3766
0:0:0:0:0:0:0:1 - - [14/Mar/2025:11:07:22 +0100] "POST /webapp-session/login HTTP/1.1" 302 -
0:0:0:0:0:0:0:1 - - [14/Mar/2025:11:07:22 +0100] "GET /webapp-session/login.html HTTP/1.1" 200 346
0:0:0:0:0:0:0:1 - - [14/Mar/2025:11:07:24 +0100] "GET /webapp-session/index.jsp HTTP/1.1" 200 3465
0:0:0:0:0:0:0:1 - - [14/Mar/2025:11:07:26 +0100] "GET /webapp-session/usuarios/lista HTTP/1.1" 200 3894
127.0.0.1 - admin [14/Mar/2025:11:09:48 +0100] "PUT /manager/text/deploy?path=%2Fwebapp-session&update=true HTTP/1.1" 200 85
0:0:0:0:0:0:0:1 - - [14/Mar/2025:11:09:54 +0100] "GET /webapp-session/usuarios/lista HTTP/1.1" 401 751
0:0:0:0:0:0:0:1 - - [14/Mar/2025:11:09:57 +0100] "GET /webapp-session/index.jsp HTTP/1.1" 200 3456
0:0:0:0:0:0:0:1 - - [14/Mar/2025:11:09:59 +0100] "GET /webapp-session/login HTTP/1.1" 200 3766
0:0:0:0:0:0:0:1 - - [14/Mar/2025:11:10:03 +0100] "POST /webapp-session/login HTTP/1.1" 302 -
0:0:0:0:0:0:0:1 - - [14/Mar/2025:11:10:03 +0100] "GET /webapp-session/login.html HTTP/1.1" 200 346
0:0:0:0:0:0:0:1 - - [14/Mar/2025:11:10:04 +0100] "GET /webapp-session/index.jsp HTTP/1.1" 200 3465
0:0:0:0:0:0:0:1 - - [14/Mar/2025:11:10:07 +0100] "GET /webapp-session/usuarios/lista HTTP/1.1" 200 4145
0:0:0:0:0:0:0:1 - - [14/Mar/2025:11:10:38 +0100] "GET /webapp-session/index.jsp HTTP/1.1" 200 3465
0:0:0:0:0:0:0:1 - - [14/Mar/2025:11:10:41 +0100] "GET /webapp-session/logout HTTP/1.1" 302 -
0:0:0:0:0:0:0:1 - - [14/Mar/2025:11:10:41 +0100] "GET /webapp-session/login.html HTTP/1.1" 200 3766
0:0:0:0:0:0:0:1 - - [14/Mar/2025:11:10:43 +0100] "GET /webapp-session/usuarios/sing-in HTTP/1.1" 200 4018
0:0:0:0:0:0:0:1 - - [14/Mar/2025:11:11:02 +0100] "POST /webapp-session/login HTTP/1.1" 401 764
127.0.0.1 - admin [14/Mar/2025:11:20:32 +0100] "PUT /manager/text/deploy?path=%2Fwebapp-session&update=true HTTP/1.1" 200 85
127.0.0.1 - admin [14/Mar/2025:11:31:50 +0100] "PUT /manager/text/deploy?path=%2Fwebapp-session&update=true HTTP/1.1" 200 85
0:0:0:0:0:0:0:1 - - [14/Mar/2025:11:32:03 +0100] "POST /webapp-session/login HTTP/1.1" 401 764
0:0:0:0:0:0:0:1 - - [14/Mar/2025:11:32:08 +0100] "GET /webapp-session/usuarios/sing-in HTTP/1.1" 200 4263
127.0.0.1 - admin [14/Mar/2025:11:33:01 +0100] "PUT /manager/text/deploy?path=%2Fwebapp-session&update=true HTTP/1.1" 200 85
0:0:0:0:0:0:0:1 - - [14/Mar/2025:11:33:04 +0100] "GET /webapp-session/usuarios/sing-in HTTP/1.1" 200 4266
0:0:0:0:0:0:0:1 - - [14/Mar/2025:11:33:13 +0100] "POST /webapp-session/usuarios/sing-in HTTP/1.1" 302 -
0:0:0:0:0:0:0:1 - - [14/Mar/2025:11:33:13 +0100] "GET /webapp-session/productos HTTP/1.1" 200 10268
0:0:0:0:0:0:0:1 - - [14/Mar/2025:11:33:21 +0100] "GET /webapp-session/logout HTTP/1.1" 302 -
0:0:0:0:0:0:0:1 - - [14/Mar/2025:11:33:21 +0100] "GET /webapp-session/login.html HTTP/1.1" 200 3766
0:0:0:0:0:0:0:1 - - [14/Mar/2025:11:33:23 +0100] "GET /webapp-session/login HTTP/1.1" 200 3766
0:0:0:0:0:0:0:1 - - [14/Mar/2025:11:33:27 +0100] "POST /webapp-session/login HTTP/1.1" 302 -
0:0:0:0:0:0:0:1 - - [14/Mar/2025:11:33:27 +0100] "GET /webapp-session/login.html HTTP/1.1" 200 346
0:0:0:0:0:0:0:1 - - [14/Mar/2025:11:33:28 +0100] "GET /webapp-session/index.jsp HTTP/1.1" 200 3465
0:0:0:0:0:0:0:1 - - [14/Mar/2025:11:33:31 +0100] "GET /webapp-session/usuarios/lista HTTP/1.1" 200 4603
0:0:0:0:0:0:0:1 - - [14/Mar/2025:11:59:33 +0100] "GET /webapp-session/logout HTTP/1.1" 302 -
0:0:0:0:0:0:0:1 - - [14/Mar/2025:11:59:33 +0100] "GET /webapp-session/login.html HTTP/1.1" 200 3766
0:0:0:0:0:0:0:1 - - [14/Mar/2025:11:59:36 +0100] "GET /webapp-session/usuarios/sing-in HTTP/1.1" 200 4266
0:0:0:0:0:0:0:1 - - [14/Mar/2025:11:59:39 +0100] "POST /webapp-session/usuarios/sing-in HTTP/1.1" 404 689
0:0:0:0:0:0:0:1 - - [14/Mar/2025:12:00:20 +0100] "POST /webapp-session/usuarios/sing-in HTTP/1.1" 404 689
127.0.0.1 - admin [14/Mar/2025:12:00:50 +0100] "PUT /manager/text/deploy?path=%2Fwebapp-session&update=true HTTP/1.1" 200 85
0:0:0:0:0:0:0:1 - - [14/Mar/2025:12:01:00 +0100] "POST /webapp-session/usuarios/sing-in HTTP/1.1" 500 53831
127.0.0.1 - admin [14/Mar/2025:12:01:11 +0100] "PUT /manager/text/deploy?path=%2Fwebapp-session&update=true HTTP/1.1" 200 85
0:0:0:0:0:0:0:1 - - [14/Mar/2025:12:01:18 +0100] "POST /webapp-session/usuarios/sing-in HTTP/1.1" 404 689
127.0.0.1 - admin [14/Mar/2025:12:01:36 +0100] "PUT /manager/text/deploy?path=%2Fwebapp-session&update=true HTTP/1.1" 200 85
0:0:0:0:0:0:0:1 - - [14/Mar/2025:12:01:41 +0100] "POST /webapp-session/usuarios/sing-in HTTP/1.1" 200 4407
0:0:0:0:0:0:0:1 - - [14/Mar/2025:12:01:51 +0100] "GET /webapp-session/usuarios/sing-in HTTP/1.1" 200 4337
0:0:0:0:0:0:0:1 - - [14/Mar/2025:12:01:55 +0100] "POST /webapp-session/usuarios/sing-in HTTP/1.1" 200 4407
0:0:0:0:0:0:0:1 - - [14/Mar/2025:12:02:04 +0100] "POST /webapp-session/usuarios/sing-in HTTP/1.1" 200 4385
127.0.0.1 - admin [14/Mar/2025:12:02:47 +0100] "PUT /manager/text/deploy?path=%2Fwebapp-session&update=true HTTP/1.1" 200 85
0:0:0:0:0:0:0:1 - - [14/Mar/2025:12:02:53 +0100] "POST /webapp-session/usuarios/sing-in HTTP/1.1" 200 4408
127.0.0.1 - admin [14/Mar/2025:12:04:39 +0100] "PUT /manager/text/deploy?path=%2Fwebapp-session&update=true HTTP/1.1" 200 85
127.0.0.1 - admin [14/Mar/2025:12:05:18 +0100] "PUT /manager/text/deploy?path=%2Fwebapp-session&update=true HTTP/1.1" 200 85
127.0.0.1 - admin [14/Mar/2025:12:25:37 +0100] "PUT /manager/text/deploy?path=%2Fwebapp-session&update=true HTTP/1.1" 200 85
0:0:0:0:0:0:0:1 - - [14/Mar/2025:12:25:42 +0100] "POST /webapp-session/usuarios/sing-in HTTP/1.1" 200 4450
0:0:0:0:0:0:0:1 - - [14/Mar/2025:12:25:47 +0100] "GET /webapp-session/login HTTP/1.1" 200 3788
0:0:0:0:0:0:0:1 - - [14/Mar/2025:12:25:53 +0100] "POST /webapp-session/login HTTP/1.1" 302 -
0:0:0:0:0:0:0:1 - - [14/Mar/2025:12:25:53 +0100] "GET /webapp-session/login.html HTTP/1.1" 200 350
0:0:0:0:0:0:0:1 - - [14/Mar/2025:12:25:54 +0100] "GET /webapp-session/index.jsp HTTP/1.1" 200 3487
0:0:0:0:0:0:0:1 - - [14/Mar/2025:12:25:58 +0100] "GET /webapp-session/usuarios/editar?id=3 HTTP/1.1" 404 725
127.0.0.1 - admin [14/Mar/2025:12:26:34 +0100] "PUT /manager/text/deploy?path=%2Fwebapp-session&update=true HTTP/1.1" 200 85
0:0:0:0:0:0:0:1 - - [14/Mar/2025:12:26:39 +0100] "GET /webapp-session/index.jsp HTTP/1.1" 200 3478
0:0:0:0:0:0:0:1 - - [14/Mar/2025:12:31:21 +0100] "GET /webapp-session/index.jsp HTTP/1.1" 200 3478
0:0:0:0:0:0:0:1 - - [14/Mar/2025:12:31:23 +0100] "GET /webapp-session/login HTTP/1.1" 200 3788
0:0:0:0:0:0:0:1 - - [14/Mar/2025:12:31:27 +0100] "POST /webapp-session/login HTTP/1.1" 302 -
0:0:0:0:0:0:0:1 - - [14/Mar/2025:12:31:27 +0100] "GET /webapp-session/login.html HTTP/1.1" 200 346
0:0:0:0:0:0:0:1 - - [14/Mar/2025:12:31:28 +0100] "GET /webapp-session/index.jsp HTTP/1.1" 200 3668
0:0:0:0:0:0:0:1 - - [14/Mar/2025:12:31:32 +0100] "GET /webapp-session/usuarios/edit?id=1 HTTP/1.1" 200 4602
0:0:0:0:0:0:0:1 - - [14/Mar/2025:12:32:03 +0100] "GET /webapp-session/logout HTTP/1.1" 302 -
0:0:0:0:0:0:0:1 - - [14/Mar/2025:12:32:03 +0100] "GET /webapp-session/login.html HTTP/1.1" 200 3788
0:0:0:0:0:0:0:1 - - [14/Mar/2025:12:32:05 +0100] "GET /webapp-session/login HTTP/1.1" 200 3788
0:0:0:0:0:0:0:1 - - [14/Mar/2025:12:32:10 +0100] "POST /webapp-session/login HTTP/1.1" 302 -
0:0:0:0:0:0:0:1 - - [14/Mar/2025:12:32:10 +0100] "GET /webapp-session/login.html HTTP/1.1" 200 342
0:0:0:0:0:0:0:1 - - [14/Mar/2025:12:32:12 +0100] "GET /webapp-session/index.jsp HTTP/1.1" 200 3481
0:0:0:0:0:0:0:1 - - [14/Mar/2025:12:32:15 +0100] "GET /webapp-session/usuarios/edit?id=2 HTTP/1.1" 200 4411
127.0.0.1 - admin [14/Mar/2025:13:15:45 +0100] "PUT /manager/text/deploy?path=%2Fwebapp-session&update=true HTTP/1.1" 200 85
0:0:0:0:0:0:0:1 - - [14/Mar/2025:13:15:51 +0100] "GET /webapp-session/usuarios/edit?id=2 HTTP/1.1" 200 4407
0:0:0:0:0:0:0:1 - - [14/Mar/2025:13:15:54 +0100] "GET /webapp-session/login HTTP/1.1" 200 3788
0:0:0:0:0:0:0:1 - - [14/Mar/2025:13:15:58 +0100] "POST /webapp-session/login HTTP/1.1" 302 -
0:0:0:0:0:0:0:1 - - [14/Mar/2025:13:15:58 +0100] "GET /webapp-session/login.html HTTP/1.1" 200 342
0:0:0:0:0:0:0:1 - - [14/Mar/2025:13:16:00 +0100] "GET /webapp-session/index.jsp HTTP/1.1" 200 3481
0:0:0:0:0:0:0:1 - - [14/Mar/2025:13:16:02 +0100] "GET /webapp-session/usuarios/edit?id=2 HTTP/1.1" 200 4410
0:0:0:0:0:0:0:1 - - [14/Mar/2025:13:16:05 +0100] "POST /webapp-session/usuarios/sing-in HTTP/1.1" 302 -
0:0:0:0:0:0:0:1 - - [14/Mar/2025:13:16:05 +0100] "GET /webapp-session/productos HTTP/1.1" 200 10463
0:0:0:0:0:0:0:1 - - [14/Mar/2025:13:16:20 +0100] "GET /webapp-session/logout HTTP/1.1" 302 -
0:0:0:0:0:0:0:1 - - [14/Mar/2025:13:16:20 +0100] "GET /webapp-session/login.html HTTP/1.1" 200 3788
0:0:0:0:0:0:0:1 - - [14/Mar/2025:13:16:25 +0100] "POST /webapp-session/login HTTP/1.1" 302 -
0:0:0:0:0:0:0:1 - - [14/Mar/2025:13:16:25 +0100] "GET /webapp-session/login.html HTTP/1.1" 200 346
0:0:0:0:0:0:0:1 - - [14/Mar/2025:13:16:27 +0100] "GET /webapp-session/index.jsp HTTP/1.1" 200 3668
0:0:0:0:0:0:0:1 - - [14/Mar/2025:13:16:29 +0100] "GET /webapp-session/usuarios/lista HTTP/1.1" 200 4779
0:0:0:0:0:0:0:1 - - [14/Mar/2025:13:16:34 +0100] "GET /webapp-session/usuarios/eliminar?id=4 HTTP/1.1" 404 727
127.0.0.1 - admin [14/Mar/2025:13:19:17 +0100] "PUT /manager/text/deploy?path=%2Fwebapp-session&update=true HTTP/1.1" 200 85
0:0:0:0:0:0:0:1 - - [14/Mar/2025:13:19:22 +0100] "GET /webapp-session/usuarios/lista HTTP/1.1" 401 751
0:0:0:0:0:0:0:1 - - [14/Mar/2025:13:19:26 +0100] "GET /webapp-session/index.jsp HTTP/1.1" 200 3478
0:0:0:0:0:0:0:1 - - [14/Mar/2025:13:19:29 +0100] "GET /webapp-session/login HTTP/1.1" 200 3788
0:0:0:0:0:0:0:1 - - [14/Mar/2025:13:19:33 +0100] "POST /webapp-session/login HTTP/1.1" 302 -
0:0:0:0:0:0:0:1 - - [14/Mar/2025:13:19:33 +0100] "GET /webapp-session/login.html HTTP/1.1" 200 342
0:0:0:0:0:0:0:1 - - [14/Mar/2025:13:19:34 +0100] "GET /webapp-session/index.jsp HTTP/1.1" 200 3481
0:0:0:0:0:0:0:1 - - [14/Mar/2025:13:19:38 +0100] "GET /webapp-session/usuarios/edit?id=2 HTTP/1.1" 200 4407
0:0:0:0:0:0:0:1 - - [14/Mar/2025:13:19:49 +0100] "POST /webapp-session/usuarios/edit HTTP/1.1" 200 4394
127.0.0.1 - admin [14/Mar/2025:13:20:16 +0100] "PUT /manager/text/deploy?path=%2Fwebapp-session&update=true HTTP/1.1" 200 85
0:0:0:0:0:0:0:1 - - [14/Mar/2025:13:20:23 +0100] "POST /webapp-session/usuarios/edit HTTP/1.1" 500 2782
0:0:0:0:0:0:0:1 - - [14/Mar/2025:13:20:27 +0100] "POST /webapp-session/usuarios/edit HTTP/1.1" 500 2782
0:0:0:0:0:0:0:1 - - [14/Mar/2025:13:20:41 +0100] "GET /webapp-session/index.jsp HTTP/1.1" 200 3478
0:0:0:0:0:0:0:1 - - [14/Mar/2025:13:20:44 +0100] "GET /webapp-session/login HTTP/1.1" 200 3788
0:0:0:0:0:0:0:1 - - [14/Mar/2025:13:20:51 +0100] "POST /webapp-session/login HTTP/1.1" 302 -
0:0:0:0:0:0:0:1 - - [14/Mar/2025:13:20:51 +0100] "GET /webapp-session/login.html HTTP/1.1" 200 342
0:0:0:0:0:0:0:1 - - [14/Mar/2025:13:20:53 +0100] "GET /webapp-session/index.jsp HTTP/1.1" 200 3481
0:0:0:0:0:0:0:1 - - [14/Mar/2025:13:20:58 +0100] "GET /webapp-session/usuarios/edit?id=2 HTTP/1.1" 200 4407
127.0.0.1 - admin [14/Mar/2025:13:48:22 +0100] "PUT /manager/text/deploy?path=%2Fwebapp-session&update=true HTTP/1.1" 200 85
0:0:0:0:0:0:0:1 - - [14/Mar/2025:13:48:26 +0100] "GET /webapp-session/usuarios/edit?id=2 HTTP/1.1" 200 4404
0:0:0:0:0:0:0:1 - - [14/Mar/2025:13:48:31 +0100] "POST /webapp-session/usuarios/edit HTTP/1.1" 200 4407
127.0.0.1 - admin [14/Mar/2025:13:49:11 +0100] "PUT /manager/text/deploy?path=%2Fwebapp-session&update=true HTTP/1.1" 200 85
0:0:0:0:0:0:0:1 - - [14/Mar/2025:13:49:16 +0100] "POST /webapp-session/usuarios/edit HTTP/1.1" 401 761
0:0:0:0:0:0:0:1 - - [14/Mar/2025:13:51:16 +0100] "GET /webapp-session/index.jsp HTTP/1.1" 200 3478
0:0:0:0:0:0:0:1 - - [14/Mar/2025:13:51:17 +0100] "GET /webapp-session/login HTTP/1.1" 200 3788
127.0.0.1 - admin [14/Mar/2025:13:56:41 +0100] "PUT /manager/text/deploy?path=%2Fwebapp-session&update=true HTTP/1.1" 200 85
127.0.0.1 - admin [14/Mar/2025:14:05:08 +0100] "PUT /manager/text/deploy?path=%2Fwebapp-session&update=true HTTP/1.1" 200 85
0:0:0:0:0:0:0:1 - - [14/Mar/2025:14:07:59 +0100] "GET /webapp-session/usuarios/sing-in HTTP/1.1" 401 761
0:0:0:0:0:0:0:1 - - [14/Mar/2025:14:08:05 +0100] "GET /webapp-session/usuarios/sing-in HTTP/1.1" 401 761
0:0:0:0:0:0:0:1 - - [14/Mar/2025:14:08:19 +0100] "GET /webapp-session/login HTTP/1.1" 200 3788
0:0:0:0:0:0:0:1 - - [14/Mar/2025:14:09:55 +0100] "GET /webapp-session/login HTTP/1.1" 200 3788
127.0.0.1 - admin [14/Mar/2025:14:10:03 +0100] "PUT /manager/text/deploy?path=%2Fwebapp-session&update=true HTTP/1.1" 200 85
0:0:0:0:0:0:0:1 - - [14/Mar/2025:14:10:08 +0100] "GET /webapp-session/usuarios/sing-in HTTP/1.1" 200 4378
127.0.0.1 - admin [14/Mar/2025:14:10:30 +0100] "PUT /manager/text/deploy?path=%2Fwebapp-session&update=true HTTP/1.1" 200 85
0:0:0:0:0:0:0:1 - - [14/Mar/2025:14:10:33 +0100] "GET /webapp-session/usuarios/sing-in HTTP/1.1" 200 4358
0:0:0:0:0:0:0:1 - - [14/Mar/2025:14:10:52 +0100] "POST /webapp-session/usuarios/sing-in HTTP/1.1" 500 4402
0:0:0:0:0:0:0:1 - - [14/Mar/2025:14:10:58 +0100] "POST /webapp-session/ HTTP/1.1" 200 3484
0:0:0:0:0:0:0:1 - - [14/Mar/2025:14:11:05 +0100] "GET /webapp-session/usuarios/edit?id= HTTP/1.1" 404 658
0:0:0:0:0:0:0:1 - - [14/Mar/2025:14:11:21 +0100] "GET /webapp-session/logout HTTP/1.1" 302 -
0:0:0:0:0:0:0:1 - - [14/Mar/2025:14:11:21 +0100] "GET /webapp-session/login.html HTTP/1.1" 200 3788
0:0:0:0:0:0:0:1 - - [14/Mar/2025:14:11:23 +0100] "GET /webapp-session/login HTTP/1.1" 200 3788
0:0:0:0:0:0:0:1 - - [14/Mar/2025:14:11:26 +0100] "POST /webapp-session/login HTTP/1.1" 302 -
0:0:0:0:0:0:0:1 - - [14/Mar/2025:14:11:26 +0100] "GET /webapp-session/login.html HTTP/1.1" 200 346
0:0:0:0:0:0:0:1 - - [14/Mar/2025:14:11:27 +0100] "GET /webapp-session/index.jsp HTTP/1.1" 200 3668
0:0:0:0:0:0:0:1 - - [14/Mar/2025:14:11:29 +0100] "GET /webapp-session/usuarios/lista HTTP/1.1" 200 4783
0:0:0:0:0:0:0:1 - - [14/Mar/2025:14:11:45 +0100] "GET /webapp-session/usuarios/eliminar?id=4 HTTP/1.1" 404 727
127.0.0.1 - admin [14/Mar/2025:14:16:22 +0100] "PUT /manager/text/deploy?path=%2Fwebapp-session&update=true HTTP/1.1" 200 85
0:0:0:0:0:0:0:1 - - [14/Mar/2025:14:16:35 +0100] "GET /webapp-session/logout HTTP/1.1" 302 -
0:0:0:0:0:0:0:1 - - [14/Mar/2025:14:16:35 +0100] "GET /webapp-session/login.html HTTP/1.1" 200 3788
0:0:0:0:0:0:0:1 - - [14/Mar/2025:14:16:44 +0100] "GET /webapp-session/usuarios/sing-in HTTP/1.1" 200 4358
0:0:0:0:0:0:0:1 - - [14/Mar/2025:14:17:08 +0100] "POST /webapp-session/usuarios/sing-in HTTP/1.1" 302 -
0:0:0:0:0:0:0:1 - - [14/Mar/2025:14:17:08 +0100] "GET /webapp-session/productos HTTP/1.1" 200 10476
0:0:0:0:0:0:0:1 - - [14/Mar/2025:14:17:11 +0100] "GET /webapp-session/usuarios/edit?id= HTTP/1.1" 404 658
0:0:0:0:0:0:0:1 - - [14/Mar/2025:14:19:44 +0100] "GET /webapp-session/logout HTTP/1.1" 302 -
0:0:0:0:0:0:0:1 - - [14/Mar/2025:14:19:44 +0100] "GET /webapp-session/login.html HTTP/1.1" 200 3788
0:0:0:0:0:0:0:1 - - [14/Mar/2025:14:19:57 +0100] "POST /webapp-session/login HTTP/1.1" 302 -
0:0:0:0:0:0:0:1 - - [14/Mar/2025:14:19:57 +0100] "GET /webapp-session/login.html HTTP/1.1" 200 356
0:0:0:0:0:0:0:1 - - [14/Mar/2025:14:19:58 +0100] "GET /webapp-session/index.jsp HTTP/1.1" 200 3488
0:0:0:0:0:0:0:1 - - [14/Mar/2025:14:20:00 +0100] "GET /webapp-session/usuarios/edit?id=5 HTTP/1.1" 200 4407
0:0:0:0:0:0:0:1 - - [14/Mar/2025:14:20:03 +0100] "GET /webapp-session/index.jsp HTTP/1.1" 200 3488
0:0:0:0:0:0:0:1 - - [14/Mar/2025:14:20:05 +0100] "GET /webapp-session/logout HTTP/1.1" 302 -
0:0:0:0:0:0:0:1 - - [14/Mar/2025:14:20:05 +0100] "GET /webapp-session/login.html HTTP/1.1" 200 3788
0:0:0:0:0:0:0:1 - - [14/Mar/2025:14:20:07 +0100] "GET /webapp-session/usuarios/sing-in HTTP/1.1" 200 4358
127.0.0.1 - admin [14/Mar/2025:14:20:42 +0100] "PUT /manager/text/deploy?path=%2Fwebapp-session&update=true HTTP/1.1" 200 85
0:0:0:0:0:0:0:1 - - [14/Mar/2025:14:30:17 +0100] "POST /webapp-session/usuarios/sing-in HTTP/1.1" 500 4402
0:0:0:0:0:0:0:1 - - [14/Mar/2025:14:30:23 +0100] "POST /webapp-session/ HTTP/1.1" 200 3485
0:0:0:0:0:0:0:1 - - [14/Mar/2025:14:30:53 +0100] "GET /webapp-session/usuarios/edit?id=4 HTTP/1.1" 200 4394
127.0.0.1 - admin [14/Mar/2025:14:54:50 +0100] "PUT /manager/text/deploy?path=%2Fwebapp-session&update=true HTTP/1.1" 200 85
0:0:0:0:0:0:0:1 - - [14/Mar/2025:14:54:57 +0100] "GET /webapp-session/usuarios/edit?id=4 HTTP/1.1" 401 761
0:0:0:0:0:0:0:1 - - [14/Mar/2025:14:55:01 +0100] "GET /webapp-session/index.jsp HTTP/1.1" 200 3478
0:0:0:0:0:0:0:1 - - [14/Mar/2025:14:55:04 +0100] "GET /webapp-session/usuarios/sing-in HTTP/1.1" 200 4385
0:0:0:0:0:0:0:1 - - [14/Mar/2025:14:55:25 +0100] "POST /webapp-session/usuarios/sing-in HTTP/1.1" 500 4436
0:0:0:0:0:0:0:1 - - [14/Mar/2025:14:55:29 +0100] "POST /webapp-session/ HTTP/1.1" 200 3485
127.0.0.1 - admin [14/Mar/2025:14:58:14 +0100] "PUT /manager/text/deploy?path=%2Fwebapp-session&update=true HTTP/1.1" 200 85
127.0.0.1 - admin [14/Mar/2025:14:59:01 +0100] "PUT /manager/text/deploy?path=%2Fwebapp-session&update=true HTTP/1.1" 200 85
0:0:0:0:0:0:0:1 - - [14/Mar/2025:14:59:07 +0100] "POST /webapp-session/usuarios/sing-in HTTP/1.1" 500 4436
0:0:0:0:0:0:0:1 - - [14/Mar/2025:14:59:10 +0100] "POST /webapp-session/ HTTP/1.1" 200 3478
0:0:0:0:0:0:0:1 - - [14/Mar/2025:14:59:13 +0100] "GET /webapp-session/login HTTP/1.1" 200 3788
0:0:0:0:0:0:0:1 - - [14/Mar/2025:14:59:15 +0100] "GET /webapp-session/usuarios/sing-in HTTP/1.1" 200 4385
0:0:0:0:0:0:0:1 - - [14/Mar/2025:14:59:25 +0100] "POST /webapp-session/usuarios/sing-in HTTP/1.1" 500 4436
0:0:0:0:0:0:0:1 - - [14/Mar/2025:14:59:30 +0100] "POST /webapp-session/ HTTP/1.1" 200 3478
0:0:0:0:0:0:0:1 - - [14/Mar/2025:14:59:35 +0100] "GET /webapp-session/login HTTP/1.1" 200 3788
0:0:0:0:0:0:0:1 - - [14/Mar/2025:15:00:54 +0100] "GET /webapp-session/usuarios/sing-in HTTP/1.1" 200 4385
0:0:0:0:0:0:0:1 - - [14/Mar/2025:15:01:10 +0100] "POST /webapp-session/usuarios/sing-in HTTP/1.1" 500 4436
0:0:0:0:0:0:0:1 - - [14/Mar/2025:15:02:33 +0100] "POST /webapp-session/ HTTP/1.1" 200 3478
0:0:0:0:0:0:0:1 - - [14/Mar/2025:15:02:36 +0100] "GET /webapp-session/login HTTP/1.1" 200 3788
0:0:0:0:0:0:0:1 - - [14/Mar/2025:15:02:40 +0100] "GET /webapp-session/usuarios/sing-in HTTP/1.1" 200 4385
0:0:0:0:0:0:0:1 - - [14/Mar/2025:15:02:55 +0100] "POST /webapp-session/usuarios/sing-in HTTP/1.1" 500 4436
0:0:0:0:0:0:0:1 - - [14/Mar/2025:15:04:22 +0100] "POST /webapp-session/ HTTP/1.1" 200 3478
0:0:0:0:0:0:0:1 - - [14/Mar/2025:15:05:07 +0100] "GET /webapp-session/usuarios/sing-in HTTP/1.1" 200 4385
0:0:0:0:0:0:0:1 - - [14/Mar/2025:15:05:18 +0100] "POST /webapp-session/usuarios/sing-in HTTP/1.1" 500 4436
127.0.0.1 - admin [14/Mar/2025:15:08:01 +0100] "PUT /manager/text/deploy?path=%2Fwebapp-session&update=true HTTP/1.1" 200 85
0:0:0:0:0:0:0:1 - - [14/Mar/2025:15:08:06 +0100] "POST /webapp-session/usuarios/sing-in HTTP/1.1" 500 4452
0:0:0:0:0:0:0:1 - - [14/Mar/2025:15:08:12 +0100] "POST /webapp-session/usuarios/sing-in HTTP/1.1" 500 4452
0:0:0:0:0:0:0:1 - - [14/Mar/2025:15:08:16 +0100] "POST /webapp-session/usuarios/sing-in HTTP/1.1" 500 2570
127.0.0.1 - admin [14/Mar/2025:15:39:24 +0100] "PUT /manager/text/deploy?path=%2Fwebapp-session&update=true HTTP/1.1" 200 85
127.0.0.1 - admin [14/Mar/2025:15:39:56 +0100] "PUT /manager/text/deploy?path=%2Fwebapp-session&update=true HTTP/1.1" 200 85
0:0:0:0:0:0:0:1 - - [14/Mar/2025:15:40:02 +0100] "POST /webapp-session/usuarios/sing-in HTTP/1.1" 200 4452
0:0:0:0:0:0:0:1 - - [14/Mar/2025:15:40:05 +0100] "POST /webapp-session/usuarios/sing-in HTTP/1.1" 200 -
0:0:0:0:0:0:0:1 - - [14/Mar/2025:15:40:13 +0100] "POST /webapp-session/usuarios/sing-in HTTP/1.1" 200 -
127.0.0.1 - admin [14/Mar/2025:15:40:47 +0100] "PUT /manager/text/deploy?path=%2Fwebapp-session&update=true HTTP/1.1" 200 85
0:0:0:0:0:0:0:1 - - [14/Mar/2025:15:40:56 +0100] "POST /webapp-session/usuarios/sing-in HTTP/1.1" 500 4452
0:0:0:0:0:0:0:1 - - [14/Mar/2025:15:41:00 +0100] "POST /webapp-session/usuarios/sing-in HTTP/1.1" 200 4427
0:0:0:0:0:0:0:1 - - [14/Mar/2025:15:41:41 +0100] "POST /webapp-session/usuarios/sing-in HTTP/1.1" 500 4452
0:0:0:0:0:0:0:1 - - [14/Mar/2025:15:41:44 +0100] "POST /webapp-session/usuarios/sing-in HTTP/1.1" 200 4427
127.0.0.1 - admin [14/Mar/2025:15:42:20 +0100] "PUT /manager/text/deploy?path=%2Fwebapp-session&update=true HTTP/1.1" 200 85
0:0:0:0:0:0:0:1 - - [14/Mar/2025:15:42:26 +0100] "POST /webapp-session/usuarios/sing-in HTTP/1.1" 500 2570
127.0.0.1 - admin [14/Mar/2025:15:44:07 +0100] "PUT /manager/text/deploy?path=%2Fwebapp-session&update=true HTTP/1.1" 200 85
0:0:0:0:0:0:0:1 - - [14/Mar/2025:15:44:13 +0100] "POST /webapp-session/usuarios/sing-in HTTP/1.1" 302 -
0:0:0:0:0:0:0:1 - - [14/Mar/2025:15:44:13 +0100] "GET /webapp-session/productos HTTP/1.1" 200 10475
0:0:0:0:0:0:0:1 - - [14/Mar/2025:15:44:18 +0100] "GET /webapp-session/usuarios/edit?id=6 HTTP/1.1" 200 4438
0:0:0:0:0:0:0:1 - - [14/Mar/2025:15:44:23 +0100] "GET /webapp-session/usuarios/edit?id=6 HTTP/1.1" 200 4438
0:0:0:0:0:0:0:1 - - [14/Mar/2025:15:44:25 +0100] "GET /webapp-session/productos HTTP/1.1" 200 10475
0:0:0:0:0:0:0:1 - - [14/Mar/2025:15:51:34 +0100] "GET /webapp-session/logout HTTP/1.1" 302 -
0:0:0:0:0:0:0:1 - - [14/Mar/2025:15:51:34 +0100] "GET /webapp-session/login.html HTTP/1.1" 200 3788
0:0:0:0:0:0:0:1 - - [14/Mar/2025:15:51:36 +0100] "GET /webapp-session/usuarios/sing-in HTTP/1.1" 200 4385
0:0:0:0:0:0:0:1 - - [14/Mar/2025:15:51:47 +0100] "POST /webapp-session/usuarios/sing-in HTTP/1.1" 500 4456
0:0:0:0:0:0:0:1 - - [14/Mar/2025:15:51:52 +0100] "POST /webapp-session/usuarios/sing-in HTTP/1.1" 302 -
0:0:0:0:0:0:0:1 - - [14/Mar/2025:15:51:52 +0100] "GET /webapp-session/productos HTTP/1.1" 200 10475
0:0:0:0:0:0:0:1 - - [14/Mar/2025:15:51:57 +0100] "GET /webapp-session/logout HTTP/1.1" 302 -
0:0:0:0:0:0:0:1 - - [14/Mar/2025:15:51:57 +0100] "GET /webapp-session/login.html HTTP/1.1" 200 3788
0:0:0:0:0:0:0:1 - - [14/Mar/2025:15:51:58 +0100] "GET /webapp-session/login HTTP/1.1" 200 3788
0:0:0:0:0:0:0:1 - - [14/Mar/2025:15:52:02 +0100] "POST /webapp-session/login HTTP/1.1" 302 -
0:0:0:0:0:0:0:1 - - [14/Mar/2025:15:52:02 +0100] "GET /webapp-session/login.html HTTP/1.1" 200 346
0:0:0:0:0:0:0:1 - - [14/Mar/2025:15:52:03 +0100] "GET /webapp-session/index.jsp HTTP/1.1" 200 3668
0:0:0:0:0:0:0:1 - - [14/Mar/2025:15:52:06 +0100] "GET /webapp-session/usuarios/lista HTTP/1.1" 200 5828
127.0.0.1 - admin [14/Mar/2025:16:00:05 +0100] "PUT /manager/text/deploy?path=%2Fwebapp-session&update=true HTTP/1.1" 200 85
127.0.0.1 - admin [14/Mar/2025:16:13:19 +0100] "PUT /manager/text/deploy?path=%2Fwebapp-session&update=true HTTP/1.1" 200 85
0:0:0:0:0:0:0:1 - - [14/Mar/2025:16:13:23 +0100] "GET /webapp-session/usuarios/lista HTTP/1.1" 401 761
0:0:0:0:0:0:0:1 - - [14/Mar/2025:16:13:27 +0100] "GET /webapp-session/logout HTTP/1.1" 302 -
0:0:0:0:0:0:0:1 - - [14/Mar/2025:16:13:27 +0100] "GET /webapp-session/login.html HTTP/1.1" 200 3788
0:0:0:0:0:0:0:1 - - [14/Mar/2025:16:13:32 +0100] "POST /webapp-session/login HTTP/1.1" 302 -
0:0:0:0:0:0:0:1 - - [14/Mar/2025:16:13:32 +0100] "GET /webapp-session/login.html HTTP/1.1" 200 346
0:0:0:0:0:0:0:1 - - [14/Mar/2025:16:13:33 +0100] "GET /webapp-session/index.jsp HTTP/1.1" 200 3668
0:0:0:0:0:0:0:1 - - [14/Mar/2025:16:13:36 +0100] "GET /webapp-session/usuarios/lista HTTP/1.1" 200 5487
127.0.0.1 - admin [14/Mar/2025:16:15:57 +0100] "PUT /manager/text/deploy?path=%2Fwebapp-session&update=true HTTP/1.1" 200 85
0:0:0:0:0:0:0:1 - - [14/Mar/2025:16:16:01 +0100] "GET /webapp-session/usuarios/lista HTTP/1.1" 401 761
0:0:0:0:0:0:0:1 - - [14/Mar/2025:16:16:04 +0100] "GET /webapp-session/index.jsp HTTP/1.1" 200 3478
0:0:0:0:0:0:0:1 - - [14/Mar/2025:16:16:06 +0100] "GET /webapp-session/login HTTP/1.1" 200 3788
0:0:0:0:0:0:0:1 - - [14/Mar/2025:16:16:10 +0100] "POST /webapp-session/login HTTP/1.1" 302 -
0:0:0:0:0:0:0:1 - - [14/Mar/2025:16:16:10 +0100] "GET /webapp-session/login.html HTTP/1.1" 200 346
0:0:0:0:0:0:0:1 - - [14/Mar/2025:16:16:12 +0100] "GET /webapp-session/index.jsp HTTP/1.1" 200 3668
0:0:0:0:0:0:0:1 - - [14/Mar/2025:16:16:15 +0100] "GET /webapp-session/usuarios/lista HTTP/1.1" 200 5487
127.0.0.1 - admin [14/Mar/2025:17:20:07 +0100] "PUT /manager/text/deploy?path=%2Fwebapp-session&update=true HTTP/1.1" 200 85
0:0:0:0:0:0:0:1 - - [14/Mar/2025:17:20:11 +0100] "GET /webapp-session/usuarios/lista HTTP/1.1" 401 761
0:0:0:0:0:0:0:1 - - [14/Mar/2025:17:20:14 +0100] "GET /webapp-session/index.jsp HTTP/1.1" 200 3478
0:0:0:0:0:0:0:1 - - [14/Mar/2025:17:20:16 +0100] "GET /webapp-session/login HTTP/1.1" 200 3788
0:0:0:0:0:0:0:1 - - [14/Mar/2025:17:20:20 +0100] "POST /webapp-session/login HTTP/1.1" 302 -
0:0:0:0:0:0:0:1 - - [14/Mar/2025:17:20:20 +0100] "GET /webapp-session/login.html HTTP/1.1" 200 346
0:0:0:0:0:0:0:1 - - [14/Mar/2025:17:20:21 +0100] "GET /webapp-session/index.jsp HTTP/1.1" 200 3668
0:0:0:0:0:0:0:1 - - [14/Mar/2025:17:20:24 +0100] "GET /webapp-session/usuarios/lista HTTP/1.1" 200 5487
0:0:0:0:0:0:0:1 - - [14/Mar/2025:17:20:29 +0100] "GET /webapp-session/usuarios/eliminar?id=7 HTTP/1.1" 302 -
0:0:0:0:0:0:0:1 - - [14/Mar/2025:17:20:29 +0100] "GET /webapp-session/usuarios/lista HTTP/1.1" 200 5140
0:0:0:0:0:0:0:1 - - [14/Mar/2025:17:20:51 +0100] "GET /webapp-session/usuarios/eliminar?id=1 HTTP/1.1" 404 656
127.0.0.1 - admin [14/Mar/2025:17:21:41 +0100] "PUT /manager/text/deploy?path=%2Fwebapp-session&update=true HTTP/1.1" 200 85
0:0:0:0:0:0:0:1 - - [14/Mar/2025:17:22:13 +0100] "GET /webapp-session/usuarios/eliminar?id=1 HTTP/1.1" 401 761
0:0:0:0:0:0:0:1 - - [14/Mar/2025:17:22:17 +0100] "GET /webapp-session/usuarios/lista HTTP/1.1" 401 761
0:0:0:0:0:0:0:1 - - [14/Mar/2025:17:22:18 +0100] "GET /webapp-session/usuarios/lista HTTP/1.1" 401 761
0:0:0:0:0:0:0:1 - - [14/Mar/2025:17:22:26 +0100] "GET /webapp-session/login.html HTTP/1.1" 200 3788
0:0:0:0:0:0:0:1 - - [14/Mar/2025:17:22:30 +0100] "POST /webapp-session/login HTTP/1.1" 302 -
0:0:0:0:0:0:0:1 - - [14/Mar/2025:17:22:30 +0100] "GET /webapp-session/login.html HTTP/1.1" 200 346
0:0:0:0:0:0:0:1 - - [14/Mar/2025:17:22:32 +0100] "GET /webapp-session/index.jsp HTTP/1.1" 200 3668
0:0:0:0:0:0:0:1 - - [14/Mar/2025:17:22:35 +0100] "GET /webapp-session/usuarios/lista HTTP/1.1" 200 5140
0:0:0:0:0:0:0:1 - - [14/Mar/2025:17:22:41 +0100] "GET /webapp-session/usuarios/eliminar?id=1 HTTP/1.1" 404 658
127.0.0.1 - admin [14/Mar/2025:17:22:59 +0100] "PUT /manager/text/deploy?path=%2Fwebapp-session&update=true HTTP/1.1" 200 85
0:0:0:0:0:0:0:1 - - [14/Mar/2025:17:23:07 +0100] "GET /webapp-session/index.jsp HTTP/1.1" 200 3478
0:0:0:0:0:0:0:1 - - [14/Mar/2025:17:23:16 +0100] "GET /webapp-session/login HTTP/1.1" 200 3788
0:0:0:0:0:0:0:1 - - [14/Mar/2025:17:23:20 +0100] "POST /webapp-session/login HTTP/1.1" 302 -
0:0:0:0:0:0:0:1 - - [14/Mar/2025:17:23:20 +0100] "GET /webapp-session/login.html HTTP/1.1" 200 346
0:0:0:0:0:0:0:1 - - [14/Mar/2025:17:23:21 +0100] "GET /webapp-session/index.jsp HTTP/1.1" 200 3668
0:0:0:0:0:0:0:1 - - [14/Mar/2025:17:23:24 +0100] "GET /webapp-session/productos HTTP/1.1" 200 10652
0:0:0:0:0:0:0:1 - - [14/Mar/2025:17:23:29 +0100] "GET /webapp-session/usuarios/edit?id=1 HTTP/1.1" 200 4609
0:0:0:0:0:0:0:1 - - [14/Mar/2025:17:23:39 +0100] "POST /webapp-session/usuarios/edit HTTP/1.1" 200 4612
127.0.0.1 - admin [14/Mar/2025:17:33:00 +0100] "PUT /manager/text/deploy?path=%2Fwebapp-session&update=true HTTP/1.1" 200 85
0:0:0:0:0:0:0:1 - - [14/Mar/2025:17:36:17 +0100] "POST /webapp-session/usuarios/edit HTTP/1.1" 401 761
0:0:0:0:0:0:0:1 - - [14/Mar/2025:17:36:22 +0100] "GET /webapp-session/logout HTTP/1.1" 302 -
0:0:0:0:0:0:0:1 - - [14/Mar/2025:17:36:22 +0100] "GET /webapp-session/login.html HTTP/1.1" 200 3788
0:0:0:0:0:0:0:1 - - [14/Mar/2025:17:36:25 +0100] "GET /webapp-session/login HTTP/1.1" 200 3788
0:0:0:0:0:0:0:1 - - [14/Mar/2025:17:36:30 +0100] "POST /webapp-session/login HTTP/1.1" 302 -
0:0:0:0:0:0:0:1 - - [14/Mar/2025:17:36:30 +0100] "GET /webapp-session/login.html HTTP/1.1" 200 346
0:0:0:0:0:0:0:1 - - [14/Mar/2025:17:36:31 +0100] "GET /webapp-session/index.jsp HTTP/1.1" 200 3668
0:0:0:0:0:0:0:1 - - [14/Mar/2025:17:36:36 +0100] "GET /webapp-session/usuarios/edit?id=1 HTTP/1.1" 200 4577
0:0:0:0:0:0:0:1 - - [14/Mar/2025:17:36:43 +0100] "POST /webapp-session/usuarios/edit HTTP/1.1" 200 4580
127.0.0.1 - admin [14/Mar/2025:17:38:13 +0100] "PUT /manager/text/deploy?path=%2Fwebapp-session&update=true HTTP/1.1" 200 85
127.0.0.1 - admin [14/Mar/2025:17:39:32 +0100] "PUT /manager/text/deploy?path=%2Fwebapp-session&update=true HTTP/1.1" 200 85
0:0:0:0:0:0:0:1 - - [14/Mar/2025:17:39:38 +0100] "POST /webapp-session/usuarios/edit HTTP/1.1" 401 761
0:0:0:0:0:0:0:1 - - [14/Mar/2025:17:39:40 +0100] "GET /webapp-session/logout HTTP/1.1" 302 -
0:0:0:0:0:0:0:1 - - [14/Mar/2025:17:39:41 +0100] "GET /webapp-session/login.html HTTP/1.1" 200 3788
0:0:0:0:0:0:0:1 - - [14/Mar/2025:17:39:42 +0100] "GET /webapp-session/login HTTP/1.1" 200 3788
0:0:0:0:0:0:0:1 - - [14/Mar/2025:17:39:47 +0100] "POST /webapp-session/login HTTP/1.1" 302 -
0:0:0:0:0:0:0:1 - - [14/Mar/2025:17:39:47 +0100] "GET /webapp-session/login.html HTTP/1.1" 200 346
0:0:0:0:0:0:0:1 - - [14/Mar/2025:17:39:48 +0100] "GET /webapp-session/index.jsp HTTP/1.1" 200 3668
0:0:0:0:0:0:0:1 - - [14/Mar/2025:17:39:52 +0100] "GET /webapp-session/usuarios/edit?id=1 HTTP/1.1" 200 4582
0:0:0:0:0:0:0:1 - - [14/Mar/2025:17:39:59 +0100] "POST /webapp-session/usuarios/edit HTTP/1.1" 200 4581
0:0:0:0:0:0:0:1 - - [14/Mar/2025:17:40:11 +0100] "GET /webapp-session/index.jsp HTTP/1.1" 200 3668
0:0:0:0:0:0:0:1 - - [14/Mar/2025:17:40:14 +0100] "GET /webapp-session/usuarios/lista HTTP/1.1" 200 5140
0:0:0:0:0:0:0:1 - - [14/Mar/2025:17:40:26 +0100] "GET /webapp-session/logout HTTP/1.1" 302 -
0:0:0:0:0:0:0:1 - - [14/Mar/2025:17:40:26 +0100] "GET /webapp-session/login.html HTTP/1.1" 200 3788
0:0:0:0:0:0:0:1 - - [14/Mar/2025:17:40:32 +0100] "POST /webapp-session/login HTTP/1.1" 302 -
0:0:0:0:0:0:0:1 - - [14/Mar/2025:17:40:32 +0100] "GET /webapp-session/login.html HTTP/1.1" 200 342
0:0:0:0:0:0:0:1 - - [14/Mar/2025:17:40:33 +0100] "GET /webapp-session/index.jsp HTTP/1.1" 200 3481
0:0:0:0:0:0:0:1 - - [14/Mar/2025:17:40:36 +0100] "GET /webapp-session/usuarios/edit?id=2 HTTP/1.1" 200 4386
0:0:0:0:0:0:0:1 - - [14/Mar/2025:17:40:40 +0100] "POST /webapp-session/usuarios/edit HTTP/1.1" 200 4391
0:0:0:0:0:0:0:1 - - [14/Mar/2025:17:40:42 +0100] "GET /webapp-session/index.jsp HTTP/1.1" 200 3481
0:0:0:0:0:0:0:1 - - [14/Mar/2025:17:40:45 +0100] "GET /webapp-session/usuarios/edit?id=2 HTTP/1.1" 200 4388
0:0:0:0:0:0:0:1 - - [14/Mar/2025:17:41:02 +0100] "GET /webapp-session/index.jsp HTTP/1.1" 200 3481
127.0.0.1 - admin [14/Mar/2025:17:41:31 +0100] "PUT /manager/text/deploy?path=%2Fwebapp-session&update=true HTTP/1.1" 200 85
0:0:0:0:0:0:0:1 - - [14/Mar/2025:17:41:34 +0100] "GET /webapp-session/index.jsp HTTP/1.1" 200 3478
0:0:0:0:0:0:0:1 - - [14/Mar/2025:17:41:37 +0100] "GET /webapp-session/login HTTP/1.1" 200 3788
0:0:0:0:0:0:0:1 - - [14/Mar/2025:17:41:42 +0100] "POST /webapp-session/login HTTP/1.1" 302 -
0:0:0:0:0:0:0:1 - - [14/Mar/2025:17:41:42 +0100] "GET /webapp-session/login.html HTTP/1.1" 200 346
0:0:0:0:0:0:0:1 - - [14/Mar/2025:17:41:43 +0100] "GET /webapp-session/index.jsp HTTP/1.1" 200 3668
