127.0.0.1 - admin [13/Mar/2025:09:02:01 +0100] "PUT /manager/text/deploy?path=%2Fwebapp-session&update=true HTTP/1.1" 200 85
0:0:0:0:0:0:0:1 - - [13/Mar/2025:09:02:09 +0100] "GET /webapp-session/login.html HTTP/1.1" 200 639
0:0:0:0:0:0:0:1 - - [13/Mar/2025:09:02:15 +0100] "POST /webapp-session/login HTTP/1.1" 302 -
0:0:0:0:0:0:0:1 - - [13/Mar/2025:09:02:15 +0100] "GET /webapp-session/login.html HTTP/1.1" 500 347
0:0:0:0:0:0:0:1 - - [13/Mar/2025:09:02:16 +0100] "GET /webapp-session/index.html HTTP/1.1" 304 -
0:0:0:0:0:0:0:1 - - [13/Mar/2025:09:02:17 +0100] "GET /webapp-session/productos HTTP/1.1" 200 5953
0:0:0:0:0:0:0:1 - - [13/Mar/2025:09:02:20 +0100] "GET /webapp-session/productos/form?id=1 HTTP/1.1" 200 1753
0:0:0:0:0:0:0:1 - - [13/Mar/2025:09:02:24 +0100] "GET /webapp-session/carro/agregar?id=1 HTTP/1.1" 302 -
0:0:0:0:0:0:0:1 - - [13/Mar/2025:09:02:24 +0100] "GET /webapp-session/carro/ver HTTP/1.1" 200 1273
0:0:0:0:0:0:0:1 - - [13/Mar/2025:09:02:27 +0100] "GET /webapp-session/productos HTTP/1.1" 200 5953
0:0:0:0:0:0:0:1 - - [13/Mar/2025:09:02:29 +0100] "GET /webapp-session/productos/form HTTP/1.1" 200 1700
0:0:0:0:0:0:0:1 - - [13/Mar/2025:09:02:33 +0100] "GET /webapp-session/productos/form HTTP/1.1" 200 1700
0:0:0:0:0:0:0:1 - - [13/Mar/2025:09:02:58 +0100] "GET /webapp-session/productos/form HTTP/1.1" 200 1700
0:0:0:0:0:0:0:1 - - [13/Mar/2025:09:03:42 +0100] "POST /webapp-session/productos/form HTTP/1.1" 302 -
0:0:0:0:0:0:0:1 - - [13/Mar/2025:09:03:42 +0100] "GET /webapp-session/productos HTTP/1.1" 200 6483
127.0.0.1 - admin [13/Mar/2025:09:11:08 +0100] "PUT /manager/text/deploy?path=%2Fwebapp-session&update=true HTTP/1.1" 200 85
0:0:0:0:0:0:0:1 - - [13/Mar/2025:09:12:02 +0100] "GET /webapp-session/logout HTTP/1.1" 302 -
0:0:0:0:0:0:0:1 - - [13/Mar/2025:09:12:02 +0100] "GET /webapp-session/login.html HTTP/1.1" 200 639
0:0:0:0:0:0:0:1 - - [13/Mar/2025:09:12:06 +0100] "POST /webapp-session/login HTTP/1.1" 302 -
0:0:0:0:0:0:0:1 - - [13/Mar/2025:09:12:06 +0100] "GET /webapp-session/login.html HTTP/1.1" 500 347
0:0:0:0:0:0:0:1 - - [13/Mar/2025:09:12:08 +0100] "GET /webapp-session/login.html HTTP/1.1" 500 347
0:0:0:0:0:0:0:1 - - [13/Mar/2025:09:12:11 +0100] "GET /webapp-session/productos HTTP/1.1" 200 6483
127.0.0.1 - admin [13/Mar/2025:10:42:03 +0100] "PUT /manager/text/deploy?path=%2Fwebapp-session&update=true HTTP/1.1" 200 85
0:0:0:0:0:0:0:1 - - [13/Mar/2025:10:42:08 +0100] "GET /webapp-session/productos HTTP/1.1" 200 2131
0:0:0:0:0:0:0:1 - - [13/Mar/2025:10:42:08 +0100] "GET /favicon.ico HTTP/1.1" 304 -
0:0:0:0:0:0:0:1 - - [13/Mar/2025:10:42:11 +0100] "GET /webapp-session/login.html HTTP/1.1" 200 639
0:0:0:0:0:0:0:1 - - [13/Mar/2025:10:42:15 +0100] "POST /webapp-session/login HTTP/1.1" 302 -
0:0:0:0:0:0:0:1 - - [13/Mar/2025:10:42:15 +0100] "GET /webapp-session/login.html HTTP/1.1" 500 347
0:0:0:0:0:0:0:1 - - [13/Mar/2025:10:42:17 +0100] "GET /webapp-session/productos HTTP/1.1" 200 6483
0:0:0:0:0:0:0:1 - - [13/Mar/2025:10:42:19 +0100] "GET /webapp-session/productos/form?id=1 HTTP/1.1" 200 3014
0:0:0:0:0:0:0:1 - - [13/Mar/2025:10:42:22 +0100] "GET /webapp-session/productos/form HTTP/1.1" 200 2957
0:0:0:0:0:0:0:1 - - [13/Mar/2025:10:43:30 +0100] "GET /webapp-session/productos/form?id=1 HTTP/1.1" 200 3014
127.0.0.1 - admin [13/Mar/2025:11:02:29 +0100] "PUT /manager/text/deploy?path=%2Fwebapp-session&update=true HTTP/1.1" 200 85
0:0:0:0:0:0:0:1 - - [13/Mar/2025:11:02:36 +0100] "GET /webapp-session/index.html HTTP/1.1" 304 -
127.0.0.1 - admin [13/Mar/2025:11:16:48 +0100] "PUT /manager/text/deploy?path=%2Fwebapp-session&update=true HTTP/1.1" 200 85
0:0:0:0:0:0:0:1 - - [13/Mar/2025:11:16:51 +0100] "GET /webapp-session/login.html HTTP/1.1" 200 639
0:0:0:0:0:0:0:1 - - [13/Mar/2025:11:16:59 +0100] "POST /webapp-session/login HTTP/1.1" 302 -
0:0:0:0:0:0:0:1 - - [13/Mar/2025:11:16:59 +0100] "GET /webapp-session/login.html HTTP/1.1" 500 347
0:0:0:0:0:0:0:1 - - [13/Mar/2025:11:17:01 +0100] "GET /webapp-session/carro/ver HTTP/1.1" 500 4431
127.0.0.1 - admin [13/Mar/2025:11:17:25 +0100] "PUT /manager/text/deploy?path=%2Fwebapp-session&update=true HTTP/1.1" 200 85
0:0:0:0:0:0:0:1 - - [13/Mar/2025:11:17:52 +0100] "GET /webapp-session/carro/ver HTTP/1.1" 401 771
0:0:0:0:0:0:0:1 - - [13/Mar/2025:11:17:55 +0100] "GET /webapp-session/login.html HTTP/1.1" 200 639
0:0:0:0:0:0:0:1 - - [13/Mar/2025:11:17:58 +0100] "POST /webapp-session/login HTTP/1.1" 302 -
0:0:0:0:0:0:0:1 - - [13/Mar/2025:11:17:58 +0100] "GET /webapp-session/login.html HTTP/1.1" 500 347
0:0:0:0:0:0:0:1 - - [13/Mar/2025:11:18:01 +0100] "GET /webapp-session/login.html HTTP/1.1" 500 347
0:0:0:0:0:0:0:1 - - [13/Mar/2025:11:18:03 +0100] "GET /webapp-session/carro/ver HTTP/1.1" 200 398
0:0:0:0:0:0:0:1 - - [13/Mar/2025:11:18:05 +0100] "GET /webapp-session/productos HTTP/1.1" 200 6483
0:0:0:0:0:0:0:1 - - [13/Mar/2025:11:18:07 +0100] "GET /webapp-session/carro/agregar?id=2 HTTP/1.1" 302 -
0:0:0:0:0:0:0:1 - - [13/Mar/2025:11:18:07 +0100] "GET /webapp-session/carro/ver HTTP/1.1" 500 6775
127.0.0.1 - admin [13/Mar/2025:11:19:40 +0100] "PUT /manager/text/deploy?path=%2Fwebapp-session&update=true HTTP/1.1" 200 85
0:0:0:0:0:0:0:1 - - [13/Mar/2025:11:19:45 +0100] "GET /webapp-session/carro/ver HTTP/1.1" 401 771
0:0:0:0:0:0:0:1 - - [13/Mar/2025:11:19:49 +0100] "GET /webapp-session/index.html HTTP/1.1" 304 -
0:0:0:0:0:0:0:1 - - [13/Mar/2025:11:19:50 +0100] "GET /webapp-session/index.html HTTP/1.1" 304 -
0:0:0:0:0:0:0:1 - - [13/Mar/2025:11:19:51 +0100] "GET /webapp-session/login.html HTTP/1.1" 200 639
0:0:0:0:0:0:0:1 - - [13/Mar/2025:11:19:54 +0100] "POST /webapp-session/login HTTP/1.1" 302 -
0:0:0:0:0:0:0:1 - - [13/Mar/2025:11:19:54 +0100] "GET /webapp-session/login.html HTTP/1.1" 500 347
0:0:0:0:0:0:0:1 - - [13/Mar/2025:11:19:56 +0100] "GET /webapp-session/login.html HTTP/1.1" 500 347
0:0:0:0:0:0:0:1 - - [13/Mar/2025:11:19:58 +0100] "GET /webapp-session/productos HTTP/1.1" 200 6483
0:0:0:0:0:0:0:1 - - [13/Mar/2025:11:20:00 +0100] "GET /webapp-session/carro/agregar?id=5 HTTP/1.1" 302 -
0:0:0:0:0:0:0:1 - - [13/Mar/2025:11:20:00 +0100] "GET /webapp-session/carro/ver HTTP/1.1" 200 1424
0:0:0:0:0:0:0:1 - - [13/Mar/2025:11:20:02 +0100] "GET /webapp-session/productos HTTP/1.1" 200 6483
0:0:0:0:0:0:0:1 - - [13/Mar/2025:11:20:04 +0100] "GET /webapp-session/carro/agregar?id=7 HTTP/1.1" 302 -
0:0:0:0:0:0:0:1 - - [13/Mar/2025:11:20:04 +0100] "GET /webapp-session/carro/ver HTTP/1.1" 200 1824
0:0:0:0:0:0:0:1 - - [13/Mar/2025:11:20:09 +0100] "POST /webapp-session/carro/actualizar HTTP/1.1" 302 -
0:0:0:0:0:0:0:1 - - [13/Mar/2025:11:20:09 +0100] "GET /webapp-session/carro/ver HTTP/1.1" 200 1824
127.0.0.1 - admin [13/Mar/2025:11:30:30 +0100] "PUT /manager/text/deploy?path=%2Fwebapp-session&update=true HTTP/1.1" 200 85
0:0:0:0:0:0:0:1 - - [13/Mar/2025:11:31:16 +0100] "GET /webapp-session/carro/ver HTTP/1.1" 401 771
0:0:0:0:0:0:0:1 - - [13/Mar/2025:11:31:17 +0100] "GET /webapp-session/carro/ver HTTP/1.1" 401 771
0:0:0:0:0:0:0:1 - - [13/Mar/2025:11:31:19 +0100] "GET /webapp-session/carro/ver HTTP/1.1" 401 771
0:0:0:0:0:0:0:1 - - [13/Mar/2025:11:31:21 +0100] "GET /webapp-session/index.html HTTP/1.1" 304 -
0:0:0:0:0:0:0:1 - - [13/Mar/2025:11:31:22 +0100] "GET /webapp-session/login.html HTTP/1.1" 200 639
0:0:0:0:0:0:0:1 - - [13/Mar/2025:11:31:25 +0100] "POST /webapp-session/login HTTP/1.1" 302 -
0:0:0:0:0:0:0:1 - - [13/Mar/2025:11:31:25 +0100] "GET /webapp-session/login.html HTTP/1.1" 500 347
0:0:0:0:0:0:0:1 - - [13/Mar/2025:11:31:28 +0100] "GET /webapp-session/productos HTTP/1.1" 200 6483
0:0:0:0:0:0:0:1 - - [13/Mar/2025:11:31:29 +0100] "GET /webapp-session/carro/agregar?id=5 HTTP/1.1" 302 -
0:0:0:0:0:0:0:1 - - [13/Mar/2025:11:31:29 +0100] "GET /webapp-session/carro/ver HTTP/1.1" 200 1424
0:0:0:0:0:0:0:1 - - [13/Mar/2025:11:31:31 +0100] "GET /webapp-session/productos HTTP/1.1" 200 6483
0:0:0:0:0:0:0:1 - - [13/Mar/2025:11:31:32 +0100] "GET /webapp-session/carro/agregar?id=9 HTTP/1.1" 302 -
0:0:0:0:0:0:0:1 - - [13/Mar/2025:11:31:32 +0100] "GET /webapp-session/carro/ver HTTP/1.1" 200 1818
0:0:0:0:0:0:0:1 - - [13/Mar/2025:11:31:33 +0100] "GET /webapp-session/productos HTTP/1.1" 200 6483
0:0:0:0:0:0:0:1 - - [13/Mar/2025:11:31:34 +0100] "GET /webapp-session/carro/agregar?id=6 HTTP/1.1" 302 -
0:0:0:0:0:0:0:1 - - [13/Mar/2025:11:31:34 +0100] "GET /webapp-session/carro/ver HTTP/1.1" 200 2220
0:0:0:0:0:0:0:1 - - [13/Mar/2025:11:31:37 +0100] "POST /webapp-session/carro/actualizar HTTP/1.1" 302 -
0:0:0:0:0:0:0:1 - - [13/Mar/2025:11:31:37 +0100] "GET /webapp-session/carro/ver HTTP/1.1" 200 1818
127.0.0.1 - admin [13/Mar/2025:12:28:39 +0100] "PUT /manager/text/deploy?path=%2Fwebapp-session&update=true HTTP/1.1" 200 85
0:0:0:0:0:0:0:1 - - [13/Mar/2025:12:28:43 +0100] "GET /webapp-session/index.html HTTP/1.1" 304 -
0:0:0:0:0:0:0:1 - - [13/Mar/2025:12:28:45 +0100] "GET /webapp-session/login.html HTTP/1.1" 200 639
0:0:0:0:0:0:0:1 - - [13/Mar/2025:12:28:50 +0100] "POST /webapp-session/login HTTP/1.1" 302 -
0:0:0:0:0:0:0:1 - - [13/Mar/2025:12:28:50 +0100] "GET /webapp-session/login.html HTTP/1.1" 500 347
0:0:0:0:0:0:0:1 - - [13/Mar/2025:12:28:56 +0100] "GET /webapp-session/productos HTTP/1.1" 200 8007
0:0:0:0:0:0:0:1 - - [13/Mar/2025:12:29:12 +0100] "GET /webapp-session/carro/agregar?id=5 HTTP/1.1" 302 -
0:0:0:0:0:0:0:1 - - [13/Mar/2025:12:29:12 +0100] "GET /webapp-session/carro/ver HTTP/1.1" 200 2011
0:0:0:0:0:0:0:1 - - [13/Mar/2025:12:29:24 +0100] "POST /webapp-session/carro/actualizar HTTP/1.1" 302 -
0:0:0:0:0:0:0:1 - - [13/Mar/2025:12:29:24 +0100] "GET /webapp-session/carro/ver HTTP/1.1" 200 946
127.0.0.1 - admin [13/Mar/2025:12:31:21 +0100] "PUT /manager/text/deploy?path=%2Fwebapp-session&update=true HTTP/1.1" 200 85
0:0:0:0:0:0:0:1 - - [13/Mar/2025:12:31:25 +0100] "GET /webapp-session/carro/ver HTTP/1.1" 401 771
0:0:0:0:0:0:0:1 - - [13/Mar/2025:12:31:26 +0100] "GET /webapp-session/carro/ver HTTP/1.1" 401 771
0:0:0:0:0:0:0:1 - - [13/Mar/2025:12:31:26 +0100] "GET /webapp-session/carro/ver HTTP/1.1" 401 771
0:0:0:0:0:0:0:1 - - [13/Mar/2025:12:31:29 +0100] "GET /webapp-session/login.html HTTP/1.1" 200 639
0:0:0:0:0:0:0:1 - - [13/Mar/2025:12:31:32 +0100] "POST /webapp-session/login HTTP/1.1" 302 -
0:0:0:0:0:0:0:1 - - [13/Mar/2025:12:31:32 +0100] "GET /webapp-session/login.html HTTP/1.1" 500 347
0:0:0:0:0:0:0:1 - - [13/Mar/2025:12:31:35 +0100] "GET /webapp-session/carro/ver HTTP/1.1" 200 983
0:0:0:0:0:0:0:1 - - [13/Mar/2025:12:31:38 +0100] "GET /webapp-session/productos HTTP/1.1" 200 8007
127.0.0.1 - admin [13/Mar/2025:12:37:55 +0100] "PUT /manager/text/deploy?path=%2Fwebapp-session&update=true HTTP/1.1" 200 85
127.0.0.1 - admin [13/Mar/2025:12:38:17 +0100] "PUT /manager/text/deploy?path=%2Fwebapp-session&update=true HTTP/1.1" 200 85
0:0:0:0:0:0:0:1 - - [13/Mar/2025:12:38:21 +0100] "GET /webapp-session/productos HTTP/1.1" 200 2634
0:0:0:0:0:0:0:1 - - [13/Mar/2025:12:38:25 +0100] "GET /webapp-session/login.html HTTP/1.1" 200 639
0:0:0:0:0:0:0:1 - - [13/Mar/2025:12:38:28 +0100] "POST /webapp-session/login HTTP/1.1" 302 -
0:0:0:0:0:0:0:1 - - [13/Mar/2025:12:38:28 +0100] "GET /webapp-session/login.html HTTP/1.1" 500 347
0:0:0:0:0:0:0:1 - - [13/Mar/2025:12:38:32 +0100] "GET /webapp-session/productos HTTP/1.1" 200 8045
0:0:0:0:0:0:0:1 - - [13/Mar/2025:12:51:05 +0100] "GET /webapp-session/productos/form HTTP/1.1" 200 2994
127.0.0.1 - admin [13/Mar/2025:12:59:13 +0100] "PUT /manager/text/deploy?path=%2Fwebapp-session&update=true HTTP/1.1" 200 85
0:0:0:0:0:0:0:1 - - [13/Mar/2025:12:59:17 +0100] "GET /webapp-session/productos HTTP/1.1" 200 2634
0:0:0:0:0:0:0:1 - - [13/Mar/2025:12:59:20 +0100] "GET /webapp-session/carro/ver HTTP/1.1" 401 771
0:0:0:0:0:0:0:1 - - [13/Mar/2025:12:59:22 +0100] "GET /webapp-session/login.html HTTP/1.1" 200 639
0:0:0:0:0:0:0:1 - - [13/Mar/2025:12:59:25 +0100] "POST /webapp-session/login HTTP/1.1" 302 -
0:0:0:0:0:0:0:1 - - [13/Mar/2025:12:59:25 +0100] "GET /webapp-session/login.html HTTP/1.1" 500 347
0:0:0:0:0:0:0:1 - - [13/Mar/2025:12:59:27 +0100] "GET /webapp-session/productos HTTP/1.1" 200 8045
0:0:0:0:0:0:0:1 - - [13/Mar/2025:12:59:28 +0100] "GET /webapp-session/carro/agregar?id=1 HTTP/1.1" 302 -
0:0:0:0:0:0:0:1 - - [13/Mar/2025:12:59:28 +0100] "GET /webapp-session/carro/ver HTTP/1.1" 200 2036
0:0:0:0:0:0:0:1 - - [13/Mar/2025:12:59:31 +0100] "GET /webapp-session/productos HTTP/1.1" 200 8045
0:0:0:0:0:0:0:1 - - [13/Mar/2025:12:59:36 +0100] "GET /webapp-session/productos/form?id=4 HTTP/1.1" 200 3542
127.0.0.1 - admin [13/Mar/2025:13:00:25 +0100] "PUT /manager/text/deploy?path=%2Fwebapp-session&update=true HTTP/1.1" 200 85
127.0.0.1 - admin [13/Mar/2025:13:00:32 +0100] "PUT /manager/text/deploy?path=%2Fwebapp-session&update=true HTTP/1.1" 200 85
0:0:0:0:0:0:0:1 - - [13/Mar/2025:13:00:37 +0100] "GET /webapp-session/productos/form?id=4 HTTP/1.1" 401 771
0:0:0:0:0:0:0:1 - - [13/Mar/2025:13:00:38 +0100] "GET /webapp-session/productos/form?id=4 HTTP/1.1" 401 771
0:0:0:0:0:0:0:1 - - [13/Mar/2025:13:00:41 +0100] "GET /webapp-session/productos HTTP/1.1" 200 2634
0:0:0:0:0:0:0:1 - - [13/Mar/2025:13:00:44 +0100] "GET /webapp-session/ HTTP/1.1" 200 468
0:0:0:0:0:0:0:1 - - [13/Mar/2025:13:00:46 +0100] "GET /webapp-session/login.html HTTP/1.1" 200 639
0:0:0:0:0:0:0:1 - - [13/Mar/2025:13:00:49 +0100] "POST /webapp-session/login HTTP/1.1" 302 -
0:0:0:0:0:0:0:1 - - [13/Mar/2025:13:00:49 +0100] "GET /webapp-session/login.html HTTP/1.1" 500 347
0:0:0:0:0:0:0:1 - - [13/Mar/2025:13:00:52 +0100] "GET /webapp-session/productos HTTP/1.1" 200 8045
0:0:0:0:0:0:0:1 - - [13/Mar/2025:13:00:53 +0100] "GET /webapp-session/carro/agregar?id=1 HTTP/1.1" 302 -
0:0:0:0:0:0:0:1 - - [13/Mar/2025:13:00:53 +0100] "GET /webapp-session/carro/ver HTTP/1.1" 200 2036
0:0:0:0:0:0:0:1 - - [13/Mar/2025:13:00:55 +0100] "GET /webapp-session/productos HTTP/1.1" 200 8045
0:0:0:0:0:0:0:1 - - [13/Mar/2025:13:00:56 +0100] "GET /webapp-session/productos/form HTTP/1.1" 200 3920
0:0:0:0:0:0:0:1 - - [13/Mar/2025:13:01:02 +0100] "GET /webapp-session/productos/form?id=1 HTTP/1.1" 200 3977
0:0:0:0:0:0:0:1 - - [13/Mar/2025:13:01:10 +0100] "GET /webapp-session/productos/form HTTP/1.1" 200 3920
0:0:0:0:0:0:0:1 - - [13/Mar/2025:13:01:12 +0100] "POST /webapp-session/productos/form HTTP/1.1" 200 4283
127.0.0.1 - admin [13/Mar/2025:13:04:10 +0100] "PUT /manager/text/deploy?path=%2Fwebapp-session&update=true HTTP/1.1" 200 85
0:0:0:0:0:0:0:1 - - [13/Mar/2025:13:04:15 +0100] "POST /webapp-session/productos/form HTTP/1.1" 401 771
0:0:0:0:0:0:0:1 - - [13/Mar/2025:13:04:17 +0100] "GET /webapp-session/productos/ HTTP/1.1" 404 720
0:0:0:0:0:0:0:1 - - [13/Mar/2025:13:04:23 +0100] "GET /webapp-session/login.html HTTP/1.1" 200 639
0:0:0:0:0:0:0:1 - - [13/Mar/2025:13:04:26 +0100] "POST /webapp-session/login HTTP/1.1" 302 -
0:0:0:0:0:0:0:1 - - [13/Mar/2025:13:04:26 +0100] "GET /webapp-session/login.html HTTP/1.1" 500 347
0:0:0:0:0:0:0:1 - - [13/Mar/2025:13:04:28 +0100] "GET /webapp-session/login.html HTTP/1.1" 500 347
0:0:0:0:0:0:0:1 - - [13/Mar/2025:13:04:30 +0100] "GET /webapp-session/productos HTTP/1.1" 200 8045
0:0:0:0:0:0:0:1 - - [13/Mar/2025:13:04:31 +0100] "GET /webapp-session/productos/form HTTP/1.1" 200 3957
0:0:0:0:0:0:0:1 - - [13/Mar/2025:13:04:33 +0100] "GET /webapp-session/carro/agregar?id=1 HTTP/1.1" 302 -
0:0:0:0:0:0:0:1 - - [13/Mar/2025:13:04:33 +0100] "GET /webapp-session/carro/ver HTTP/1.1" 200 2036
0:0:0:0:0:0:0:1 - - [13/Mar/2025:13:04:35 +0100] "GET /webapp-session/productos/form?id=1 HTTP/1.1" 200 4014
127.0.0.1 - admin [13/Mar/2025:16:31:51 +0100] "PUT /manager/text/deploy?path=%2Fwebapp-session&update=true HTTP/1.1" 200 85
0:0:0:0:0:0:0:1 - - [13/Mar/2025:16:31:57 +0100] "GET /webapp-session/productos HTTP/1.1" 200 2690
0:0:0:0:0:0:0:1 - - [13/Mar/2025:16:32:00 +0100] "GET /webapp-session/index.html HTTP/1.1" 304 -
0:0:0:0:0:0:0:1 - - [13/Mar/2025:16:32:09 +0100] "GET /webapp-session/index.html HTTP/1.1" 200 468
0:0:0:0:0:0:0:1 - - [13/Mar/2025:16:32:09 +0100] "GET /favicon.ico HTTP/1.1" 200 21630
0:0:0:0:0:0:0:1 - - [13/Mar/2025:16:32:10 +0100] "GET /webapp-session/index.html HTTP/1.1" 304 -
0:0:0:0:0:0:0:1 - - [13/Mar/2025:16:32:10 +0100] "GET /webapp-session/index.html HTTP/1.1" 304 -
0:0:0:0:0:0:0:1 - - [13/Mar/2025:16:32:10 +0100] "GET /webapp-session/index.html HTTP/1.1" 304 -
0:0:0:0:0:0:0:1 - - [13/Mar/2025:16:32:10 +0100] "GET /webapp-session/index.html HTTP/1.1" 304 -
0:0:0:0:0:0:0:1 - - [13/Mar/2025:16:32:10 +0100] "GET /webapp-session/index.html HTTP/1.1" 304 -
0:0:0:0:0:0:0:1 - - [13/Mar/2025:16:32:11 +0100] "GET /webapp-session/index.html HTTP/1.1" 304 -
0:0:0:0:0:0:0:1 - - [13/Mar/2025:16:32:11 +0100] "GET /webapp-session/index.html HTTP/1.1" 304 -
0:0:0:0:0:0:0:1 - - [13/Mar/2025:16:32:11 +0100] "GET /webapp-session/index.html HTTP/1.1" 304 -
0:0:0:0:0:0:0:1 - - [13/Mar/2025:16:32:11 +0100] "GET /webapp-session/index.html HTTP/1.1" 304 -
0:0:0:0:0:0:0:1 - - [13/Mar/2025:16:32:11 +0100] "GET /webapp-session/index.html HTTP/1.1" 304 -
0:0:0:0:0:0:0:1 - - [13/Mar/2025:16:32:11 +0100] "GET /webapp-session/index.html HTTP/1.1" 304 -
0:0:0:0:0:0:0:1 - - [13/Mar/2025:16:32:48 +0100] "GET /webapp-session/index.html HTTP/1.1" 304 -
0:0:0:0:0:0:0:1 - - [13/Mar/2025:16:32:48 +0100] "GET /webapp-session/index.html HTTP/1.1" 304 -
127.0.0.1 - admin [13/Mar/2025:16:33:01 +0100] "PUT /manager/text/deploy?path=%2Fwebapp-session&update=true HTTP/1.1" 200 85
0:0:0:0:0:0:0:1 - - [13/Mar/2025:16:33:04 +0100] "GET /webapp-session HTTP/1.1" 302 -
0:0:0:0:0:0:0:1 - - [13/Mar/2025:16:33:08 +0100] "GET /webapp-session/ HTTP/1.1" 304 -
0:0:0:0:0:0:0:1 - - [13/Mar/2025:16:33:09 +0100] "GET /webapp-session/ HTTP/1.1" 304 -
0:0:0:0:0:0:0:1 - - [13/Mar/2025:16:33:09 +0100] "GET /webapp-session/ HTTP/1.1" 304 -
0:0:0:0:0:0:0:1 - - [13/Mar/2025:16:33:10 +0100] "GET /webapp-session/ HTTP/1.1" 304 -
0:0:0:0:0:0:0:1 - - [13/Mar/2025:16:33:10 +0100] "GET /webapp-session/ HTTP/1.1" 304 -
0:0:0:0:0:0:0:1 - - [13/Mar/2025:16:33:10 +0100] "GET /webapp-session/ HTTP/1.1" 304 -
0:0:0:0:0:0:0:1 - - [13/Mar/2025:16:33:10 +0100] "GET /webapp-session/ HTTP/1.1" 304 -
127.0.0.1 - admin [13/Mar/2025:17:04:49 +0100] "PUT /manager/text/deploy?path=%2Fwebapp-session&update=true HTTP/1.1" 200 85
0:0:0:0:0:0:0:1 - - [13/Mar/2025:17:04:54 +0100] "GET /webapp-session/index.html HTTP/1.1" 404 716
0:0:0:0:0:0:0:1 - - [13/Mar/2025:17:05:07 +0100] "GET /webapp-session/index.jsp HTTP/1.1" 200 1140
127.0.0.1 - admin [13/Mar/2025:17:05:36 +0100] "PUT /manager/text/deploy?path=%2Fwebapp-session&update=true HTTP/1.1" 200 85
0:0:0:0:0:0:0:1 - - [13/Mar/2025:17:06:08 +0100] "GET /webapp-session/index.jsp HTTP/1.1" 200 1140
0:0:0:0:0:0:0:1 - - [13/Mar/2025:17:06:11 +0100] "GET /webapp-session/index.jsp HTTP/1.1" 200 1140
0:0:0:0:0:0:0:1 - - [13/Mar/2025:17:06:12 +0100] "GET /webapp-session/index.jsp HTTP/1.1" 200 1140
0:0:0:0:0:0:0:1 - - [13/Mar/2025:17:06:13 +0100] "GET /webapp-session/index.jsp HTTP/1.1" 200 1140
127.0.0.1 - admin [13/Mar/2025:17:07:04 +0100] "PUT /manager/text/deploy?path=%2Fwebapp-session&update=true HTTP/1.1" 200 85
0:0:0:0:0:0:0:1 - - [13/Mar/2025:17:07:09 +0100] "GET /webapp-session/index.jsp HTTP/1.1" 200 1140
0:0:0:0:0:0:0:1 - - [13/Mar/2025:17:07:13 +0100] "GET /webapp-session/index.jsp HTTP/1.1" 200 1140
0:0:0:0:0:0:0:1 - - [13/Mar/2025:17:07:14 +0100] "GET /webapp-session/index.jsp HTTP/1.1" 200 1140
127.0.0.1 - admin [13/Mar/2025:17:09:01 +0100] "PUT /manager/text/deploy?path=%2Fwebapp-session&update=true HTTP/1.1" 200 85
0:0:0:0:0:0:0:1 - - [13/Mar/2025:17:09:06 +0100] "GET /webapp-session/index.jsp HTTP/1.1" 200 1140
0:0:0:0:0:0:0:1 - - [13/Mar/2025:17:09:20 +0100] "GET /webapp-session/productos HTTP/1.1" 200 2690
127.0.0.1 - admin [13/Mar/2025:17:09:41 +0100] "PUT /manager/text/deploy?path=%2Fwebapp-session&update=true HTTP/1.1" 200 85
0:0:0:0:0:0:0:1 - - [13/Mar/2025:17:09:47 +0100] "GET /webapp-session/index.jsp HTTP/1.1" 200 1137
0:0:0:0:0:0:0:1 - - [13/Mar/2025:17:09:49 +0100] "GET /webapp-session/productos HTTP/1.1" 200 2690
0:0:0:0:0:0:0:1 - - [13/Mar/2025:17:09:51 +0100] "GET /webapp-session/login.html HTTP/1.1" 200 1315
0:0:0:0:0:0:0:1 - - [13/Mar/2025:17:09:54 +0100] "GET /webapp-session/logout HTTP/1.1" 302 -
0:0:0:0:0:0:0:1 - - [13/Mar/2025:17:09:54 +0100] "GET /webapp-session/login.html HTTP/1.1" 200 1315
0:0:0:0:0:0:0:1 - - [13/Mar/2025:17:09:55 +0100] "GET /webapp-session/index.html HTTP/1.1" 404 716
127.0.0.1 - admin [13/Mar/2025:17:10:12 +0100] "PUT /manager/text/deploy?path=%2Fwebapp-session&update=true HTTP/1.1" 200 85
0:0:0:0:0:0:0:1 - - [13/Mar/2025:17:10:17 +0100] "GET /webapp-session/login.html HTTP/1.1" 200 1314
0:0:0:0:0:0:0:1 - - [13/Mar/2025:17:10:19 +0100] "GET /webapp-session/index.jsp HTTP/1.1" 200 1137
0:0:0:0:0:0:0:1 - - [13/Mar/2025:17:10:30 +0100] "GET /webapp-session/login.html HTTP/1.1" 200 1314
127.0.0.1 - admin [13/Mar/2025:17:11:15 +0100] "PUT /manager/text/deploy?path=%2Fwebapp-session&update=true HTTP/1.1" 200 85
0:0:0:0:0:0:0:1 - - [13/Mar/2025:17:11:24 +0100] "GET /webapp-session/login.html HTTP/1.1" 200 1341
127.0.0.1 - admin [13/Mar/2025:17:12:42 +0100] "PUT /manager/text/deploy?path=%2Fwebapp-session&update=true HTTP/1.1" 200 85
0:0:0:0:0:0:0:1 - - [13/Mar/2025:17:12:46 +0100] "GET /webapp-session/login.html HTTP/1.1" 200 1419
0:0:0:0:0:0:0:1 - - [13/Mar/2025:17:12:46 +0100] "GET /webapp-session/login.html HTTP/1.1" 200 1419
127.0.0.1 - admin [13/Mar/2025:17:13:25 +0100] "PUT /manager/text/deploy?path=%2Fwebapp-session&update=true HTTP/1.1" 200 85
0:0:0:0:0:0:0:1 - - [13/Mar/2025:17:13:30 +0100] "GET /webapp-session/login.html HTTP/1.1" 200 1447
127.0.0.1 - admin [13/Mar/2025:17:14:28 +0100] "PUT /manager/text/deploy?path=%2Fwebapp-session&update=true HTTP/1.1" 200 85
0:0:0:0:0:0:0:1 - - [13/Mar/2025:17:14:33 +0100] "GET /webapp-session/login.html HTTP/1.1" 200 1447
0:0:0:0:0:0:0:1 - - [13/Mar/2025:17:14:40 +0100] "POST /webapp-session/login HTTP/1.1" 302 -
0:0:0:0:0:0:0:1 - - [13/Mar/2025:17:14:40 +0100] "GET /webapp-session/login.html HTTP/1.1" 200 346
0:0:0:0:0:0:0:1 - - [13/Mar/2025:17:14:42 +0100] "GET /webapp-session/index.jsp HTTP/1.1" 200 1137
0:0:0:0:0:0:0:1 - - [13/Mar/2025:17:14:43 +0100] "GET /webapp-session/productos HTTP/1.1" 200 8101
0:0:0:0:0:0:0:1 - - [13/Mar/2025:17:14:49 +0100] "GET /webapp-session/carro/ver HTTP/1.1" 200 1031
0:0:0:0:0:0:0:1 - - [13/Mar/2025:17:14:50 +0100] "GET /webapp-session/productos HTTP/1.1" 200 8101
0:0:0:0:0:0:0:1 - - [13/Mar/2025:17:14:52 +0100] "GET /webapp-session/carro/agregar?id=1 HTTP/1.1" 302 -
0:0:0:0:0:0:0:1 - - [13/Mar/2025:17:14:52 +0100] "GET /webapp-session/carro/ver HTTP/1.1" 200 2078
0:0:0:0:0:0:0:1 - - [13/Mar/2025:17:14:58 +0100] "GET /webapp-session/productos HTTP/1.1" 200 8101
0:0:0:0:0:0:0:1 - - [13/Mar/2025:17:14:59 +0100] "GET /webapp-session/carro/agregar?id=5 HTTP/1.1" 302 -
0:0:0:0:0:0:0:1 - - [13/Mar/2025:17:14:59 +0100] "GET /webapp-session/carro/ver HTTP/1.1" 200 2495
0:0:0:0:0:0:0:1 - - [13/Mar/2025:17:15:00 +0100] "GET /webapp-session/productos HTTP/1.1" 200 8101
0:0:0:0:0:0:0:1 - - [13/Mar/2025:17:15:02 +0100] "GET /webapp-session/carro/agregar?id=6 HTTP/1.1" 302 -
0:0:0:0:0:0:0:1 - - [13/Mar/2025:17:15:02 +0100] "GET /webapp-session/carro/ver HTTP/1.1" 200 2896
0:0:0:0:0:0:0:1 - - [13/Mar/2025:17:15:03 +0100] "GET /webapp-session/productos HTTP/1.1" 200 8101
0:0:0:0:0:0:0:1 - - [13/Mar/2025:17:15:05 +0100] "GET /webapp-session/productos/form HTTP/1.1" 200 3997
0:0:0:0:0:0:0:1 - - [13/Mar/2025:17:15:06 +0100] "POST /webapp-session/productos/form HTTP/1.1" 200 4360
0:0:0:0:0:0:0:1 - - [13/Mar/2025:17:15:07 +0100] "GET /webapp-session/productos/form HTTP/1.1" 200 3997
0:0:0:0:0:0:0:1 - - [13/Mar/2025:17:15:19 +0100] "GET /webapp-session/productos/form?id=1 HTTP/1.1" 200 4054
0:0:0:0:0:0:0:1 - - [13/Mar/2025:17:15:28 +0100] "POST /webapp-session/carro/actualizar HTTP/1.1" 302 -
0:0:0:0:0:0:0:1 - - [13/Mar/2025:17:15:28 +0100] "GET /webapp-session/carro/ver HTTP/1.1" 200 1031
0:0:0:0:0:0:0:1 - - [13/Mar/2025:17:15:30 +0100] "GET /webapp-session/index.html HTTP/1.1" 404 716
127.0.0.1 - admin [13/Mar/2025:17:15:58 +0100] "PUT /manager/text/deploy?path=%2Fwebapp-session&update=true HTTP/1.1" 200 85
0:0:0:0:0:0:0:1 - - [13/Mar/2025:17:16:05 +0100] "GET /webapp-session/carro/ver HTTP/1.1" 401 771
0:0:0:0:0:0:0:1 - - [13/Mar/2025:17:16:07 +0100] "GET /webapp-session/carro/ver HTTP/1.1" 401 771
0:0:0:0:0:0:0:1 - - [13/Mar/2025:17:16:08 +0100] "GET /webapp-session/carro/ver HTTP/1.1" 401 771
0:0:0:0:0:0:0:1 - - [13/Mar/2025:17:16:10 +0100] "GET /webapp-session/carro/ver HTTP/1.1" 401 771
0:0:0:0:0:0:0:1 - - [13/Mar/2025:17:16:10 +0100] "GET /webapp-session/carro/ver HTTP/1.1" 401 771
0:0:0:0:0:0:0:1 - - [13/Mar/2025:17:16:12 +0100] "GET /webapp-session/productos HTTP/1.1" 200 2690
0:0:0:0:0:0:0:1 - - [13/Mar/2025:17:16:14 +0100] "GET /webapp-session/carro/ver HTTP/1.1" 401 771
0:0:0:0:0:0:0:1 - - [13/Mar/2025:17:16:16 +0100] "GET /webapp-session/index.jsp HTTP/1.1" 200 1137
0:0:0:0:0:0:0:1 - - [13/Mar/2025:17:16:16 +0100] "GET /webapp-session/index.jsp HTTP/1.1" 200 1137
0:0:0:0:0:0:0:1 - - [13/Mar/2025:17:16:16 +0100] "GET /webapp-session/index.jsp HTTP/1.1" 200 1137
0:0:0:0:0:0:0:1 - - [13/Mar/2025:17:16:20 +0100] "GET /webapp-session/login.html HTTP/1.1" 200 1447
0:0:0:0:0:0:0:1 - - [13/Mar/2025:17:16:24 +0100] "POST /webapp-session/login HTTP/1.1" 302 -
0:0:0:0:0:0:0:1 - - [13/Mar/2025:17:16:24 +0100] "GET /webapp-session/login.html HTTP/1.1" 200 346
0:0:0:0:0:0:0:1 - - [13/Mar/2025:17:16:26 +0100] "GET /webapp-session/index.jsp HTTP/1.1" 200 1137
0:0:0:0:0:0:0:1 - - [13/Mar/2025:17:16:28 +0100] "GET /webapp-session/carro/ver HTTP/1.1" 200 1030
0:0:0:0:0:0:0:1 - - [13/Mar/2025:17:16:28 +0100] "GET /webapp-session/index.jsp HTTP/1.1" 200 1137
0:0:0:0:0:0:0:1 - - [13/Mar/2025:17:17:05 +0100] "GET /webapp-session/login.html HTTP/1.1" 200 346
0:0:0:0:0:0:0:1 - - [13/Mar/2025:17:17:06 +0100] "GET /webapp-session/index.jsp HTTP/1.1" 200 1137
0:0:0:0:0:0:0:1 - - [13/Mar/2025:17:17:09 +0100] "GET /webapp-session/logout HTTP/1.1" 302 -
0:0:0:0:0:0:0:1 - - [13/Mar/2025:17:17:09 +0100] "GET /webapp-session/login.html HTTP/1.1" 200 1447
127.0.0.1 - admin [13/Mar/2025:17:25:50 +0100] "PUT /manager/text/deploy?path=%2Fwebapp-session&update=true HTTP/1.1" 200 85
0:0:0:0:0:0:0:1 - - [13/Mar/2025:17:25:55 +0100] "GET /webapp-session/login.html HTTP/1.1" 200 1636
0:0:0:0:0:0:0:1 - - [13/Mar/2025:17:25:58 +0100] "GET /webapp-session/index.jsp HTTP/1.1" 200 1326
127.0.0.1 - admin [13/Mar/2025:17:26:41 +0100] "PUT /manager/text/deploy?path=%2Fwebapp-session&update=true HTTP/1.1" 200 85
0:0:0:0:0:0:0:1 - - [13/Mar/2025:17:26:46 +0100] "GET /webapp-session/index.jsp HTTP/1.1" 200 1390
127.0.0.1 - admin [13/Mar/2025:17:27:11 +0100] "PUT /manager/text/deploy?path=%2Fwebapp-session&update=true HTTP/1.1" 200 85
0:0:0:0:0:0:0:1 - - [13/Mar/2025:17:27:17 +0100] "GET /webapp-session/index.jsp HTTP/1.1" 200 1402
127.0.0.1 - admin [13/Mar/2025:17:54:58 +0100] "PUT /manager/text/deploy?path=%2Fwebapp-session&update=true HTTP/1.1" 200 85
0:0:0:0:0:0:0:1 - - [13/Mar/2025:17:55:03 +0100] "GET /webapp-session/index.jsp HTTP/1.1" 200 3010
127.0.0.1 - admin [13/Mar/2025:17:57:50 +0100] "PUT /manager/text/deploy?path=%2Fwebapp-session&update=true HTTP/1.1" 200 85
0:0:0:0:0:0:0:1 - - [13/Mar/2025:17:57:56 +0100] "GET /webapp-session/index.jsp HTTP/1.1" 200 3092
0:0:0:0:0:0:0:1 - - [13/Mar/2025:18:07:55 +0100] "GET /webapp-session/productos HTTP/1.1" 200 4645
0:0:0:0:0:0:0:1 - - [13/Mar/2025:18:08:05 +0100] "GET /webapp-session/index.jsp HTTP/1.1" 200 3092
0:0:0:0:0:0:0:1 - - [13/Mar/2025:18:08:37 +0100] "GET /webapp-session/carro/ver HTTP/1.1" 401 771
0:0:0:0:0:0:0:1 - - [13/Mar/2025:18:08:47 +0100] "GET /webapp-session/login HTTP/1.1" 200 3402
0:0:0:0:0:0:0:1 - - [13/Mar/2025:18:08:51 +0100] "POST /webapp-session/login HTTP/1.1" 302 -
0:0:0:0:0:0:0:1 - - [13/Mar/2025:18:08:51 +0100] "GET /webapp-session/login.html HTTP/1.1" 200 346
0:0:0:0:0:0:0:1 - - [13/Mar/2025:18:08:53 +0100] "GET /webapp-session/index.jsp HTTP/1.1" 200 3092
0:0:0:0:0:0:0:1 - - [13/Mar/2025:18:09:13 +0100] "GET /webapp-session/productos HTTP/1.1" 200 10076
0:0:0:0:0:0:0:1 - - [13/Mar/2025:18:09:15 +0100] "GET /webapp-session/carro/agregar?id=1 HTTP/1.1" 302 -
0:0:0:0:0:0:0:1 - - [13/Mar/2025:18:09:15 +0100] "GET /webapp-session/carro/ver HTTP/1.1" 200 4032
0:0:0:0:0:0:0:1 - - [13/Mar/2025:18:09:16 +0100] "GET /webapp-session/productos HTTP/1.1" 200 10076
0:0:0:0:0:0:0:1 - - [13/Mar/2025:18:09:17 +0100] "GET /webapp-session/carro/agregar?id=4 HTTP/1.1" 302 -
0:0:0:0:0:0:0:1 - - [13/Mar/2025:18:09:17 +0100] "GET /webapp-session/carro/ver HTTP/1.1" 200 4431
0:0:0:0:0:0:0:1 - - [13/Mar/2025:18:09:18 +0100] "GET /webapp-session/productos HTTP/1.1" 200 10076
0:0:0:0:0:0:0:1 - - [13/Mar/2025:18:09:19 +0100] "GET /webapp-session/carro/agregar?id=5 HTTP/1.1" 302 -
0:0:0:0:0:0:0:1 - - [13/Mar/2025:18:09:19 +0100] "GET /webapp-session/carro/ver HTTP/1.1" 200 4848
0:0:0:0:0:0:0:1 - - [13/Mar/2025:18:09:22 +0100] "GET /webapp-session/index.jsp HTTP/1.1" 200 3092
0:0:0:0:0:0:0:1 - - [13/Mar/2025:18:09:24 +0100] "GET /webapp-session/productos HTTP/1.1" 200 10076
0:0:0:0:0:0:0:1 - - [13/Mar/2025:18:09:25 +0100] "GET /webapp-session/carro/ver HTTP/1.1" 200 4848
0:0:0:0:0:0:0:1 - - [13/Mar/2025:18:09:40 +0100] "GET /webapp-session/login HTTP/1.1" 200 346
0:0:0:0:0:0:0:1 - - [13/Mar/2025:18:09:41 +0100] "GET /webapp-session/index.jsp HTTP/1.1" 200 3092
127.0.0.1 - admin [13/Mar/2025:18:11:45 +0100] "PUT /manager/text/deploy?path=%2Fwebapp-session&update=true HTTP/1.1" 200 85
0:0:0:0:0:0:0:1 - - [13/Mar/2025:18:11:50 +0100] "GET /webapp-session/index.jsp HTTP/1.1" 200 3092
0:0:0:0:0:0:0:1 - - [13/Mar/2025:18:11:53 +0100] "GET /webapp-session/login HTTP/1.1" 200 3402
0:0:0:0:0:0:0:1 - - [13/Mar/2025:18:12:00 +0100] "POST /webapp-session/login HTTP/1.1" 302 -
0:0:0:0:0:0:0:1 - - [13/Mar/2025:18:12:00 +0100] "GET /webapp-session/login.html HTTP/1.1" 200 346
0:0:0:0:0:0:0:1 - - [13/Mar/2025:18:12:02 +0100] "GET /webapp-session/index.jsp HTTP/1.1" 200 3093
0:0:0:0:0:0:0:1 - - [13/Mar/2025:18:12:04 +0100] "GET /webapp-session/logout HTTP/1.1" 302 -
0:0:0:0:0:0:0:1 - - [13/Mar/2025:18:12:04 +0100] "GET /webapp-session/login.html HTTP/1.1" 200 3402
0:0:0:0:0:0:0:1 - - [13/Mar/2025:18:12:06 +0100] "GET /webapp-session/index.jsp HTTP/1.1" 200 3092
0:0:0:0:0:0:0:1 - - [13/Mar/2025:18:12:08 +0100] "GET /webapp-session/index.jsp HTTP/1.1" 200 3092
127.0.0.1 - admin [13/Mar/2025:18:13:09 +0100] "PUT /manager/text/deploy?path=%2Fwebapp-session&update=true HTTP/1.1" 200 85
127.0.0.1 - admin [13/Mar/2025:18:54:18 +0100] "PUT /manager/text/deploy?path=%2Fwebapp-session&update=true HTTP/1.1" 200 85
0:0:0:0:0:0:0:1 - - [13/Mar/2025:18:54:29 +0100] "GET /webapp-session/index.jsp HTTP/1.1" 200 3092
0:0:0:0:0:0:0:1 - - [13/Mar/2025:18:54:31 +0100] "GET /webapp-session/login HTTP/1.1" 200 3402
0:0:0:0:0:0:0:1 - - [13/Mar/2025:18:54:38 +0100] "POST /webapp-session/login HTTP/1.1" 302 -
0:0:0:0:0:0:0:1 - - [13/Mar/2025:18:54:38 +0100] "GET /webapp-session/login.html HTTP/1.1" 200 342
0:0:0:0:0:0:0:1 - - [13/Mar/2025:18:54:39 +0100] "GET /webapp-session/index.jsp HTTP/1.1" 200 3091
0:0:0:0:0:0:0:1 - - [13/Mar/2025:18:54:42 +0100] "GET /webapp-session/logout HTTP/1.1" 302 -
0:0:0:0:0:0:0:1 - - [13/Mar/2025:18:54:42 +0100] "GET /webapp-session/login.html HTTP/1.1" 200 3402
0:0:0:0:0:0:0:1 - - [13/Mar/2025:18:54:46 +0100] "POST /webapp-session/login HTTP/1.1" 302 -
0:0:0:0:0:0:0:1 - - [13/Mar/2025:18:54:46 +0100] "GET /webapp-session/login.html HTTP/1.1" 200 346
0:0:0:0:0:0:0:1 - - [13/Mar/2025:18:54:48 +0100] "GET /webapp-session/index.jsp HTTP/1.1" 200 3093
0:0:0:0:0:0:0:1 - - [13/Mar/2025:18:54:57 +0100] "GET /webapp-session/logout HTTP/1.1" 302 -
0:0:0:0:0:0:0:1 - - [13/Mar/2025:18:54:57 +0100] "GET /webapp-session/login.html HTTP/1.1" 200 3402
0:0:0:0:0:0:0:1 - - [13/Mar/2025:18:55:00 +0100] "POST /webapp-session/login HTTP/1.1" 401 764
0:0:0:0:0:0:0:1 - - [13/Mar/2025:18:55:29 +0100] "GET /webapp-session/index.jsp HTTP/1.1" 200 3092
0:0:0:0:0:0:0:1 - - [13/Mar/2025:18:55:30 +0100] "GET /webapp-session/logout HTTP/1.1" 302 -
0:0:0:0:0:0:0:1 - - [13/Mar/2025:18:55:30 +0100] "GET /webapp-session/login.html HTTP/1.1" 200 3402
